Component: ARM Compiler 5.06 update 7 (build 960) Tool: armlink [4d3601]

==============================================================================

Section Cross References

    main.o(i.Door_State) refers to cjson.o(i.cJSON_CreateObject) for cJSON_CreateObject
    main.o(i.Door_State) refers to stm32f10x_tim.o(i.TIM_Cmd) for TIM_Cmd
    main.o(i.Door_State) refers to dflt_clz.o(x$fpl$dflt) for __aeabi_i2d
    main.o(i.Door_State) refers to cjson.o(i.cJSON_CreateNumber) for cJSON_CreateNumber
    main.o(i.Door_State) refers to cjson.o(i.cJSON_AddItemToObject) for cJSON_AddItemToObject
    main.o(i.Door_State) refers to cjson.o(i.cJSON_PrintUnformatted) for cJSON_PrintUnformatted
    main.o(i.Door_State) refers to usart1.o(i.u1_printf) for u1_printf
    main.o(i.Door_State) refers to strlen.o(.text) for strlen
    main.o(i.Door_State) refers to mqtt.o(i.MQTT_PublishQs0) for MQTT_PublishQs0
    main.o(i.Door_State) refers to cjson.o(i.cJSON_Delete) for cJSON_Delete
    main.o(i.Door_State) refers to cjson.o(i.cJSON_free) for cJSON_free
    main.o(i.Door_State) refers to __2sprintf.o(.text) for __2sprintf
    main.o(i.Door_State) refers to main.o(.data) for old_data
    main.o(i.Door_State) refers to main.o(.conststring) for .conststring
    main.o(i.IOT_CONTORL) refers to cjson.o(i.cJSON_Parse) for cJSON_Parse
    main.o(i.IOT_CONTORL) refers to cjson.o(i.cJSON_GetErrorPtr) for cJSON_GetErrorPtr
    main.o(i.IOT_CONTORL) refers to usart1.o(i.u1_printf) for u1_printf
    main.o(i.IOT_CONTORL) refers to cjson.o(i.cJSON_GetObjectItem) for cJSON_GetObjectItem
    main.o(i.IOT_CONTORL) refers to main.o(i.Lighting_State) for Lighting_State
    main.o(i.IOT_CONTORL) refers to main.o(i.light_update) for light_update
    main.o(i.IOT_CONTORL) refers to main.o(i.IOT_State_Update) for IOT_State_Update
    main.o(i.IOT_CONTORL) refers to cjson.o(i.cJSON_Delete) for cJSON_Delete
    main.o(i.IOT_State_Update) refers to cjson.o(i.cJSON_CreateObject) for cJSON_CreateObject
    main.o(i.IOT_State_Update) refers to stm32f10x_gpio.o(i.GPIO_ReadOutputDataBit) for GPIO_ReadOutputDataBit
    main.o(i.IOT_State_Update) refers to dflt_clz.o(x$fpl$dflt) for __aeabi_i2d
    main.o(i.IOT_State_Update) refers to cjson.o(i.cJSON_CreateNumber) for cJSON_CreateNumber
    main.o(i.IOT_State_Update) refers to cjson.o(i.cJSON_AddItemToObject) for cJSON_AddItemToObject
    main.o(i.IOT_State_Update) refers to dflt_clz.o(x$fpl$dfltu) for __aeabi_ui2d
    main.o(i.IOT_State_Update) refers to cjson.o(i.cJSON_PrintUnformatted) for cJSON_PrintUnformatted
    main.o(i.IOT_State_Update) refers to usart1.o(i.u1_printf) for u1_printf
    main.o(i.IOT_State_Update) refers to strlen.o(.text) for strlen
    main.o(i.IOT_State_Update) refers to mqtt.o(i.MQTT_PublishQs0) for MQTT_PublishQs0
    main.o(i.IOT_State_Update) refers to cjson.o(i.cJSON_Delete) for cJSON_Delete
    main.o(i.IOT_State_Update) refers to cjson.o(i.cJSON_free) for cJSON_free
    main.o(i.IOT_State_Update) refers to main.o(.data) for PWM
    main.o(i.Lighting_State) refers to stm32f10x_gpio.o(i.GPIO_SetBits) for GPIO_SetBits
    main.o(i.Lighting_State) refers to stm32f10x_gpio.o(i.GPIO_ResetBits) for GPIO_ResetBits
    main.o(i.Lighting_State) refers to main.o(i.light_update) for light_update
    main.o(i.cJSON_analysis) refers to cjson.o(i.cJSON_Parse) for cJSON_Parse
    main.o(i.cJSON_analysis) refers to cjson.o(i.cJSON_GetErrorPtr) for cJSON_GetErrorPtr
    main.o(i.cJSON_analysis) refers to usart1.o(i.u1_printf) for u1_printf
    main.o(i.cJSON_analysis) refers to cjson.o(i.cJSON_GetObjectItem) for cJSON_GetObjectItem
    main.o(i.cJSON_analysis) refers to cjson.o(i.cJSON_Delete) for cJSON_Delete
    main.o(i.light_update) refers to __2sprintf.o(.text) for __2sprintf
    main.o(i.light_update) refers to strlen.o(.text) for strlen
    main.o(i.light_update) refers to mqtt.o(i.MQTT_PublishQs0) for MQTT_PublishQs0
    main.o(i.light_update) refers to main.o(.conststring) for .conststring
    main.o(i.main) refers to delay.o(i.Delay_Init) for Delay_Init
    main.o(i.main) refers to usart1.o(i.Usart1_Init) for Usart1_Init
    main.o(i.main) refers to usart2.o(i.Usart2_Init) for Usart2_Init
    main.o(i.main) refers to timer1.o(i.TIM1_Init) for TIM1_Init
    main.o(i.main) refers to pwm.o(i.tim4_pwm_init) for tim4_pwm_init
    main.o(i.main) refers to wifi.o(i.WiFi_ResetIO_Init) for WiFi_ResetIO_Init
    main.o(i.main) refers to mqtt.o(i.AliIoT_Parameter_Init) for AliIoT_Parameter_Init
    main.o(i.main) refers to beep.o(i.beep_init) for beep_init
    main.o(i.main) refers to iot.o(i.IOT_Init) for IOT_Init
    main.o(i.main) refers to usart2.o(i.u2_TxData) for u2_TxData
    main.o(i.main) refers to usart1.o(i.u1_printf) for u1_printf
    main.o(i.main) refers to timer3.o(i.TIM3_ENABLE_30S) for TIM3_ENABLE_30S
    main.o(i.main) refers to mqtt.o(i.MQTT_DealPushdata_Qs0) for MQTT_DealPushdata_Qs0
    main.o(i.main) refers to strstr.o(.text) for strstr
[...]
    __rt_lib_shutdown_fini_1                 0x0800025f   Thumb Code     0  libshutdown2.o(.ARM.Collect$$libshutdown$$00000002)
    __rt_lib_shutdown_fp_trap_1              0x0800025f   Thumb Code     0  libshutdown2.o(.ARM.Collect$$libshutdown$$00000009)
    __rt_lib_shutdown_heap_1                 0x0800025f   Thumb Code     0  libshutdown2.o(.ARM.Collect$$libshutdown$$00000011)
    __rt_lib_shutdown_return                 0x0800025f   Thumb Code     0  libshutdown2.o(.ARM.Collect$$libshutdown$$00000012)
    __rt_lib_shutdown_signal_1               0x0800025f   Thumb Code     0  libshutdown2.o(.ARM.Collect$$libshutdown$$0000000C)
    __rt_lib_shutdown_stdio_1                0x0800025f   Thumb Code     0  libshutdown2.o(.ARM.Collect$$libshutdown$$00000006)
    __rt_lib_shutdown_user_alloc_1           0x0800025f   Thumb Code     0  libshutdown2.o(.ARM.Collect$$libshutdown$$0000000E)
    __rt_entry                               0x08000261   Thumb Code     0  __rtentry.o(.ARM.Collect$$rtentry$$00000000)
    __rt_entry_presh_1                       0x08000261   Thumb Code     0  __rtentry2.o(.ARM.Collect$$rtentry$$00000002)
    __rt_entry_sh                            0x08000261   Thumb Code     0  __rtentry4.o(.ARM.Collect$$rtentry$$00000004)
    __rt_entry_li                            0x08000267   Thumb Code     0  __rtentry2.o(.ARM.Collect$$rtentry$$0000000A)
    __rt_entry_postsh_1                      0x08000267   Thumb Code     0  __rtentry2.o(.ARM.Collect$$rtentry$$00000009)
    __rt_entry_main                          0x0800026b   Thumb Code     0  __rtentry2.o(.ARM.Collect$$rtentry$$0000000D)
    __rt_entry_postli_1                      0x0800026b   Thumb Code     0  __rtentry2.o(.ARM.Collect$$rtentry$$0000000C)
    __rt_exit                                0x08000273   Thumb Code     0  rtexit.o(.ARM.Collect$$rtexit$$00000000)
    __rt_exit_ls                             0x08000275   Thumb Code     0  rtexit2.o(.ARM.Collect$$rtexit$$00000003)
    __rt_exit_prels_1                        0x08000275   Thumb Code     0  rtexit2.o(.ARM.Collect$$rtexit$$00000002)
    __rt_exit_exit                           0x08000279   Thumb Code     0  rtexit2.o(.ARM.Collect$$rtexit$$00000004)
    Reset_Handler                            0x08000281   Thumb Code     8  startup_stm32f10x_hd.o(.text)
    _maybe_terminate_alloc                   0x08000281   Thumb Code     0  maybetermalloc1.o(.emb_text)
    ADC1_2_IRQHandler                        0x0800029b   Thumb Code     0  startup_stm32f10x_hd.o(.text)
    ADC3_IRQHandler                          0x0800029b   Thumb Code     0  startup_stm32f10x_hd.o(.text)
    CAN1_RX1_IRQHandler                      0x0800029b   Thumb Code     0  startup_stm32f10x_hd.o(.text)
    CAN1_SCE_IRQHandler                      0x0800029b   Thumb Code     0  startup_stm32f10x_hd.o(.text)
    DMA1_Channel1_IRQHandler                 0x0800029b   Thumb Code     0  startup_stm32f10x_hd.o(.text)
    DMA1_Channel2_IRQHandler                 0x0800029b   Thumb Code     0  startup_stm32f10x_hd.o(.text)
    DMA1_Channel3_IRQHandler                 0x0800029b   Thumb Code     0  startup_stm32f10x_hd.o(.text)
    DMA1_Channel4_IRQHandler                 0x0800029b   Thumb Code     0  startup_stm32f10x_hd.o(.text)
    DMA1_Channel5_IRQHandler                 0x0800029b   Thumb Code     0  startup_stm32f10x_hd.o(.text)
    DMA1_Channel6_IRQHandler                 0x0800029b   Thumb Code     0  startup_stm32f10x_hd.o(.text)
    DMA1_Channel7_IRQHandler                 0x0800029b   Thumb Code     0  startup_stm32f10x_hd.o(.text)
    DMA2_Channel1_IRQHandler                 0x0800029b   Thumb Code     0  startup_stm32f10x_hd.o(.text)
    DMA2_Channel2_IRQHandler                 0x0800029b   Thumb Code     0  startup_stm32f10x_hd.o(.text)
    DMA2_Channel3_IRQHandler                 0x0800029b   Thumb Code     0  startup_stm32f10x_hd.o(.text)
    DMA2_Channel4_5_IRQHandler               0x0800029b   Thumb Code     0  startup_stm32f10x_hd.o(.text)
    EXTI0_IRQHandler                         0x0800029b   Thumb Code     0  startup_stm32f10x_hd.o(.text)
    EXTI15_10_IRQHandler                     0x0800029b   Thumb Code     0  startup_stm32f10x_hd.o(.text)
    EXTI1_IRQHandler                         0x0800029b   Thumb Code     0  startup_stm32f10x_hd.o(.text)
    EXTI2_IRQHandler                         0x0800029b   Thumb Code     0  startup_stm32f10x_hd.o(.text)
    EXTI3_IRQHandler                         0x0800029b   Thumb Code     0  startup_stm32f10x_hd.o(.text)
    EXTI4_IRQHandler                         0x0800029b   Thumb Code     0  startup_stm32f10x_hd.o(.text)
    FLASH_IRQHandler                         0x0800029b   Thumb Code     0  startup_stm32f10x_hd.o(.text)
    FSMC_IRQHandler                          0x0800029b   Thumb Code     0  startup_stm32f10x_hd.o(.text)
    I2C1_ER_IRQHandler                       0x0800029b   Thumb Code     0  startup_stm32f10x_hd.o(.text)
    I2C1_EV_IRQHandler                       0x0800029b   Thumb Code     0  startup_stm32f10x_hd.o(.text)
    I2C2_ER_IRQHandler                       0x0800029b   Thumb Code     0  startup_stm32f10x_hd.o(.text)
    I2C2_EV_IRQHandler                       0x0800029b   Thumb Code     0  startup_stm32f10x_hd.o(.text)
    PVD_IRQHandler                           0x0800029b   Thumb Code     0  startup_stm32f10x_hd.o(.text)
    RCC_IRQHandler                           0x0800029b   Thumb Code     0  startup_stm32f10x_hd.o(.text)
    RTCAlarm_IRQHandler                      0x0800029b   Thumb Code     0  startup_stm32f10x_hd.o(.text)
    RTC_IRQHandler                           0x0800029b   Thumb Code     0  startup_stm32f10x_hd.o(.text)
    SDIO_IRQHandler                          0x0800029b   Thumb Code     0  startup_stm32f10x_hd.o(.text)
    SPI1_IRQHandler                          0x0800029b   Thumb Code     0  startup_stm32f10x_hd.o(.text)
    SPI2_IRQHandler                          0x0800029b   Thumb Code     0  startup_stm32f10x_hd.o(.text)
    SPI3_IRQHandler                          0x0800029b   Thumb Code     0  startup_stm32f10x_hd.o(.text)
    TAMPER_IRQHandler                        0x0800029b   Thumb Code     0  startup_stm32f10x_hd.o(.text)
    TIM1_BRK_IRQHandler                      0x0800029b   Thumb Code     0  startup_stm32f10x_hd.o(.text)
    TIM1_CC_IRQHandler                       0x0800029b   Thumb Code     0  startup_stm32f10x_hd.o(.text)
    TIM1_TRG_COM_IRQHandler                  0x0800029b   Thumb Code     0  startup_stm32f10x_hd.o(.text)
    TIM5_IRQHandler                          0x0800029b   Thumb Code     0  startup_stm32f10x_hd.o(.text)
    TIM6_IRQHandler                          0x0800029b   Thumb Code     0  startup_stm32f10x_hd.o(.text)
    TIM7_IRQHandler                          0x0800029b   Thumb Code     0  startup_stm32f10x_hd.o(.text)
    TIM8_BRK_IRQHandler                      0x0800029b   Thumb Code     0  startup_stm32f10x_hd.o(.text)
    TIM8_CC_IRQHandler                       0x0800029b   Thumb Code     0  startup_stm32f10x_hd.o(.text)
    TIM8_TRG_COM_IRQHandler                  0x0800029b   Thumb Code     0  startup_stm32f10x_hd.o(.text)
    TIM8_UP_IRQHandler                       0x0800029b   Thumb Code     0  startup_stm32f10x_hd.o(.text)
    UART4_IRQHandler                         0x0800029b   Thumb Code     0  startup_stm32f10x_hd.o(.text)
    UART5_IRQHandler                         0x0800029b   Thumb Code     0  startup_stm32f10x_hd.o(.text)
    USART1_IRQHandler                        0x0800029b   Thumb Code     0  startup_stm32f10x_hd.o(.text)
    USART3_IRQHandler                        0x0800029b   Thumb Code     0  startup_stm32f10x_hd.o(.text)
    USBWakeUp_IRQHandler                     0x0800029b   Thumb Code     0  startup_stm32f10x_hd.o(.text)
    USB_HP_CAN1_TX_IRQHandler                0x0800029b   Thumb Code     0  startup_stm32f10x_hd.o(.text)
    USB_LP_CAN1_RX0_IRQHandler               0x0800029b   Thumb Code     0  startup_stm32f10x_hd.o(.text)
    WWDG_IRQHandler                          0x0800029b   Thumb Code     0  startup_stm32f10x_hd.o(.text)
    __user_initial_stackheap                 0x0800029d   Thumb Code     0  startup_stm32f10x_hd.o(.text)
    malloc                                   0x080002c1   Thumb Code    94  h1_alloc.o(.text)
    free                                     0x0800031f   Thumb Code    78  h1_free.o(.text)
    realloc                                  0x0800036d   Thumb Code   184  h1_realloc.o(.text)
    tolower                                  0x08000425   Thumb Code    26  tolower.o(.text)
    __c89vsprintf                            0x08000441   Thumb Code    32  c89vsprintf.o(.text)
    __2sprintf                               0x08000465   Thumb Code    38  __2sprintf.o(.text)
    _printf_pre_padding                      0x08000491   Thumb Code    44  _printf_pad.o(.text)
    _printf_post_padding                     0x080004bd   Thumb Code    34  _printf_pad.o(.text)
    _printf_str                              0x080004df   Thumb Code    82  _printf_str.o(.text)
    _printf_int_dec                          0x08000531   Thumb Code   104  _printf_dec.o(.text)
    _printf_longlong_hex                     0x080005a9   Thumb Code    86  _printf_hex_int_ll_ptr.o(.text)
    _printf_int_hex                          0x080005ff   Thumb Code    28  _printf_hex_int_ll_ptr.o(.text)
    _printf_ll_hex                           0x0800061b   Thumb Code    12  _printf_hex_int_ll_ptr.o(.text)
    _printf_hex_ptr                          0x08000627   Thumb Code    18  _printf_hex_int_ll_ptr.o(.text)
    __printf                                 0x0800063d   Thumb Code   388  __printf_flags_ss_wp.o(.text)
    __0sscanf                                0x080007c5   Thumb Code    52  __0sscanf.o(.text)
    strstr                                   0x08000801   Thumb Code    36  strstr.o(.text)
    strcpy                                   0x08000825   Thumb Code    72  strcpy.o(.text)
    strlen                                   0x0800086d   Thumb Code    62  strlen.o(.text)
    strncmp                                  0x080008ab   Thumb Code   150  strncmp.o(.text)
    __aeabi_memcpy                           0x08000941   Thumb Code     0  rt_memcpy_v6.o(.text)
    __rt_memcpy                              0x08000941   Thumb Code   138  rt_memcpy_v6.o(.text)
    _memcpy_lastbytes                        0x080009a7   Thumb Code     0  rt_memcpy_v6.o(.text)
    __aeabi_memcpy4                          0x080009cb   Thumb Code     0  rt_memcpy_w.o(.text)
    __aeabi_memcpy8                          0x080009cb   Thumb Code     0  rt_memcpy_w.o(.text)
    __rt_memcpy_w                            0x080009cb   Thumb Code   100  rt_memcpy_w.o(.text)
    _memcpy_lastbytes_aligned                0x08000a13   Thumb Code     0  rt_memcpy_w.o(.text)
    __aeabi_memset                           0x08000a2f   Thumb Code    16  aeabi_memset.o(.text)
    __aeabi_memclr                           0x08000a3f   Thumb Code     0  rt_memclr.o(.text)
    __rt_memclr                              0x08000a3f   Thumb Code    68  rt_memclr.o(.text)
    _memset                                  0x08000a43   Thumb Code     0  rt_memclr.o(.text)
    __aeabi_memclr4                          0x08000a83   Thumb Code     0  rt_memclr_w.o(.text)
    __aeabi_memclr8                          0x08000a83   Thumb Code     0  rt_memclr_w.o(.text)
    __rt_memclr_w                            0x08000a83   Thumb Code    78  rt_memclr_w.o(.text)
    _memset_w                                0x08000a87   Thumb Code     0  rt_memclr_w.o(.text)
    strcmp                                   0x08000ad1   Thumb Code   128  strcmpv7m.o(.text)
    __use_two_region_memory                  0x08000b51   Thumb Code     2  heapauxi.o(.text)
    __rt_heap_escrow                         0x08000b53   Thumb Code     2  heapauxi.o(.text)
    __rt_heap_expand                         0x08000b55   Thumb Code     2  heapauxi.o(.text)
    __rt_ctype_table                         0x08000b59   Thumb Code    16  rt_ctype_table.o(.text)
    __rt_heap_descriptor                     0x08000b69   Thumb Code     8  rt_heap_descriptor_intlibspace.o(.text)
    __use_no_heap                            0x08000b71   Thumb Code     2  hguard.o(.text)
    __heap$guard                             0x08000b73   Thumb Code     2  hguard.o(.text)
    _terminate_user_alloc                    0x08000b75   Thumb Code     2  init_alloc.o(.text)
    _init_user_alloc                         0x08000b77   Thumb Code     2  init_alloc.o(.text)
    __Heap_Full                              0x08000b79   Thumb Code    34  init_alloc.o(.text)
    __Heap_Broken                            0x08000b9b   Thumb Code     6  init_alloc.o(.text)
    _init_alloc                              0x08000ba1   Thumb Code    94  init_alloc.o(.text)
    __Heap_Initialize                        0x08000bff   Thumb Code    10  h1_init.o(.text)
    __Heap_DescSize                          0x08000c09   Thumb Code     4  h1_init.o(.text)
    _printf_truncate_signed                  0x08000c0d   Thumb Code    18  _printf_truncate.o(.text)
    _printf_truncate_unsigned                0x08000c1f   Thumb Code    18  _printf_truncate.o(.text)
    _printf_int_common                       0x08000c31   Thumb Code   178  _printf_intcommon.o(.text)
    _printf_charcount                        0x08000ce3   Thumb Code    40  _printf_charcount.o(.text)
    __lib_sel_fp_printf                      0x08000d0b   Thumb Code     2  _printf_fp_dec.o(.text)
    _printf_fp_dec_real                      0x08000ebd   Thumb Code   620  _printf_fp_dec.o(.text)
    _printf_char_common                      0x08001133   Thumb Code    32  _printf_char_common.o(.text)
    _sputc                                   0x08001159   Thumb Code    10  _sputc.o(.text)
    _printf_cs_common                        0x08001163   Thumb Code    20  _printf_char.o(.text)
    _printf_char                             0x08001177   Thumb Code    16  _printf_char.o(.text)
    _printf_string                           0x08001187   Thumb Code     8  _printf_char.o(.text)
    _printf_wctomb                           0x08001191   Thumb Code   182  _printf_wctomb.o(.text)
    _printf_longlong_dec                     0x0800124d   Thumb Code   108  _printf_longlong_dec.o(.text)
    _printf_longlong_oct                     0x080012c9   Thumb Code    66  _printf_oct_int_ll.o(.text)
    _printf_int_oct                          0x0800130b   Thumb Code    24  _printf_oct_int_ll.o(.text)
    _printf_ll_oct                           0x08001323   Thumb Code    12  _printf_oct_int_ll.o(.text)
    _scanf_really_real                       0x08001585   Thumb Code   684  scanf_fp.o(.text)
    __vfscanf_char                           0x0800183d   Thumb Code    24  scanf_char.o(.text)
    _sgetc                                   0x0800185d   Thumb Code    30  _sgetc.o(.text)
    _sbackspace                              0x0800187b   Thumb Code    34  _sgetc.o(.text)
    __strtod_int                             0x080018d9   Thumb Code    90  strtod.o(.text)
    __user_libspace                          0x08001941   Thumb Code     8  libspace.o(.text)
    __user_perproc_libspace                  0x08001941   Thumb Code     0  libspace.o(.text)
    __user_perthread_libspace                0x08001941   Thumb Code     0  libspace.o(.text)
    __rt_locale                              0x08001949   Thumb Code     8  rt_locale_intlibspace.o(.text)
    __aeabi_errno_addr                       0x08001951   Thumb Code     8  rt_errno_addr_intlibspace.o(.text)
    __errno$intlibspace                      0x08001951   Thumb Code     0  rt_errno_addr_intlibspace.o(.text)
    __rt_errno_addr$intlibspace              0x08001951   Thumb Code     0  rt_errno_addr_intlibspace.o(.text)
    __Heap_ProvideMemory                     0x08001959   Thumb Code    52  h1_extend.o(.text)
    _ll_udiv10                               0x0800198d   Thumb Code   138  lludiv10.o(.text)
    isspace                                  0x08001a17   Thumb Code    18  isspace.o(.text)
    _printf_fp_infnan                        0x08001a29   Thumb Code   112  _printf_fp_infnan.o(.text)
    _printf_lcs_common                       0x08001aa9   Thumb Code    20  _printf_wchar.o(.text)
    _printf_wchar                            0x08001abd   Thumb Code    16  _printf_wchar.o(.text)
    _printf_wstring                          0x08001acd   Thumb Code     8  _printf_wchar.o(.text)
    __vfscanf                                0x08001ad5   Thumb Code   880  _scanf.o(.text)
    _btod_etento                             0x08001e49   Thumb Code   224  bigflt0.o(.text)
    _wcrtomb                                 0x08001f2d   Thumb Code    64  _wcrtomb.o(.text)
    __rt_SIGRTMEM                            0x08001f6d   Thumb Code    14  defsig_rtmem_outer.o(.text)
    __I$use$semihosting                      0x08001f7b   Thumb Code     0  use_no_semi.o(.text)
    __use_no_semihosting_swi                 0x08001f7b   Thumb Code     2  use_no_semi.o(.text)
    __semihosting_library_function           0x08001f7d   Thumb Code     0  indicate_semi.o(.text)
    __user_setup_stackheap                   0x08001f7d   Thumb Code    74  sys_stackheap_outer.o(.text)
    __read_errno                             0x08001fc7   Thumb Code    10  _rserrno.o(.text)
    __set_errno                              0x08001fd1   Thumb Code    12  _rserrno.o(.text)
    _scanf_really_hex_real                   0x08001fdd   Thumb Code   786  scanf_hexfp.o(.text)
    _scanf_really_infnan                     0x080022fd   Thumb Code   292  scanf_infnan.o(.text)
    exit                                     0x08002431   Thumb Code    18  exit.o(.text)
    __sig_exit                               0x08002443   Thumb Code    10  defsig_exit.o(.text)
    __rt_SIGRTMEM_inner                      0x0800244d   Thumb Code    22  defsig_rtmem_inner.o(.text)
    _sys_exit                                0x0800249d   Thumb Code     8  sys_exit.o(.text)
    __aeabi_llsl                             0x080024a9   Thumb Code     0  llshl.o(.text)
    _ll_shift_l                              0x080024a9   Thumb Code    38  llshl.o(.text)
    _chval                                   0x080024cf   Thumb Code    28  _chval.o(.text)
    __default_signal_display                 0x080024eb   Thumb Code    50  defsig_general.o(.text)
    _ttywrch                                 0x0800251d   Thumb Code    14  sys_wrch.o(.text)
    _btod_d2e                                0x0800252b   Thumb Code    62  btod.o(CL$$btod_d2e)
    _d2e_denorm_low                          0x08002569   Thumb Code    70  btod.o(CL$$btod_d2e_denorm_low)
    _d2e_norm_op1                            0x080025af   Thumb Code    96  btod.o(CL$$btod_d2e_norm_op1)
    __btod_div_common                        0x0800260f   Thumb Code   696  btod.o(CL$$btod_div_common)
    _e2d                                     0x08002949   Thumb Code   122  btod.o(CL$$btod_e2d)
    _e2e                                     0x080029cd   Thumb Code   220  btod.o(CL$$btod_e2e)
    _btod_ediv                               0x08002aa9   Thumb Code    42  btod.o(CL$$btod_ediv)
    _btod_edivd                              0x08002ad3   Thumb Code    42  btod.o(CL$$btod_edivd)
    _btod_emul                               0x08002afd   Thumb Code    42  btod.o(CL$$btod_emul)
    _btod_emuld                              0x08002b27   Thumb Code    42  btod.o(CL$$btod_emuld)
    __btod_mult_common                       0x08002b51   Thumb Code   580  btod.o(CL$$btod_mult_common)
    AliIoT_Parameter_Init                    0x08002d95   Thumb Code   194  mqtt.o(i.AliIoT_Parameter_Init)
    BusFault_Handler                         0x08002f79   Thumb Code     2  stm32f10x_it.o(i.BusFault_Handler)
    CMDBuf_Deal                              0x08002f7d   Thumb Code    96  mqtt.o(i.CMDBuf_Deal)
    DebugMon_Handler                         0x08002fe9   Thumb Code     2  stm32f10x_it.o(i.DebugMon_Handler)
    Delay_Init                               0x08002feb   Thumb Code    12  delay.o(i.Delay_Init)
    Delay_Ms                                 0x08002ff9   Thumb Code   242  delay.o(i.Delay_Ms)
    EXTI9_5_IRQHandler                       0x080030f1   Thumb Code    44  iot.o(i.EXTI9_5_IRQHandler)
    EXTI_ClearITPendingBit                   0x08003125   Thumb Code     6  stm32f10x_exti.o(i.EXTI_ClearITPendingBit)
    EXTI_GetITStatus                         0x08003131   Thumb Code    34  stm32f10x_exti.o(i.EXTI_GetITStatus)
    GPIO_Init                                0x08003159   Thumb Code   278  stm32f10x_gpio.o(i.GPIO_Init)
    GPIO_ReadInputDataBit                    0x0800326f   Thumb Code    18  stm32f10x_gpio.o(i.GPIO_ReadInputDataBit)
    GPIO_ReadOutputDataBit                   0x08003281   Thumb Code    18  stm32f10x_gpio.o(i.GPIO_ReadOutputDataBit)
    GPIO_ResetBits                           0x08003293   Thumb Code     4  stm32f10x_gpio.o(i.GPIO_ResetBits)
    GPIO_SetBits                             0x08003297   Thumb Code     4  stm32f10x_gpio.o(i.GPIO_SetBits)
    GPIO_WriteBit                            0x0800329b   Thumb Code    10  stm32f10x_gpio.o(i.GPIO_WriteBit)
    HardFault_Handler                        0x080032a5   Thumb Code     2  stm32f10x_it.o(i.HardFault_Handler)
    IOT_CONTORL                              0x080032a9   Thumb Code   120  main.o(i.IOT_CONTORL)
    IOT_Init                                 0x0800334d   Thumb Code    74  iot.o(i.IOT_Init)
    IOT_State_Update                         0x080033a1   Thumb Code   124  main.o(i.IOT_State_Update)
    Lighting_State                           0x08003471   Thumb Code    34  main.o(i.Lighting_State)
    MQTT_Buff_Init                           0x08003499   Thumb Code    90  mqtt.o(i.MQTT_Buff_Init)
    MQTT_ConectPack                          0x0800355d   Thumb Code   496  mqtt.o(i.MQTT_ConectPack)
    MQTT_DealPushdata_Qs0                    0x08003775   Thumb Code   226  mqtt.o(i.MQTT_DealPushdata_Qs0)
    MQTT_PingREQ                             0x08003859   Thumb Code    22  mqtt.o(i.MQTT_PingREQ)
    MQTT_PublishQs0                          0x08003875   Thumb Code   220  mqtt.o(i.MQTT_PublishQs0)
    MQTT_Subscribe                           0x08003961   Thumb Code   134  mqtt.o(i.MQTT_Subscribe)
    MemManage_Handler                        0x080039f9   Thumb Code     2  stm32f10x_it.o(i.MemManage_Handler)
    NMI_Handler                              0x080039fb   Thumb Code     2  stm32f10x_it.o(i.NMI_Handler)
    NVIC_Init                                0x080039fd   Thumb Code   100  misc.o(i.NVIC_Init)
    NVIC_PriorityGroupConfig                 0x08003a6d   Thumb Code    10  misc.o(i.NVIC_PriorityGroupConfig)
    PendSV_Handler                           0x08003a81   Thumb Code     2  stm32f10x_it.o(i.PendSV_Handler)
    RCC_APB1PeriphClockCmd                   0x08003a85   Thumb Code    26  stm32f10x_rcc.o(i.RCC_APB1PeriphClockCmd)
    RCC_APB1PeriphResetCmd                   0x08003aa5   Thumb Code    26  stm32f10x_rcc.o(i.RCC_APB1PeriphResetCmd)
    RCC_APB2PeriphClockCmd                   0x08003ac5   Thumb Code    26  stm32f10x_rcc.o(i.RCC_APB2PeriphClockCmd)
    RCC_APB2PeriphResetCmd                   0x08003ae5   Thumb Code    26  stm32f10x_rcc.o(i.RCC_APB2PeriphResetCmd)
    RCC_GetClocksFreq                        0x08003b05   Thumb Code   192  stm32f10x_rcc.o(i.RCC_GetClocksFreq)
    SVC_Handler                              0x08003bd9   Thumb Code     2  stm32f10x_it.o(i.SVC_Handler)
    SysTick_CLKSourceConfig                  0x08003cc5   Thumb Code    40  misc.o(i.SysTick_CLKSourceConfig)
    SysTick_Handler                          0x08003ced   Thumb Code     2  stm32f10x_it.o(i.SysTick_Handler)
    SystemInit                               0x08003cf1   Thumb Code    78  system_stm32f10x.o(i.SystemInit)
    TIM1_Init                                0x08003d51   Thumb Code   116  timer1.o(i.TIM1_Init)
    TIM1_UP_IRQHandler                       0x08003dc9   Thumb Code   122  stm32f10x_it.o(i.TIM1_UP_IRQHandler)
    TIM2_IRQHandler                          0x08003e61   Thumb Code    22  pwm.o(i.TIM2_IRQHandler)
    TIM3_ENABLE_2S                           0x08003e79   Thumb Code   116  timer3.o(i.TIM3_ENABLE_2S)
    TIM3_ENABLE_30S                          0x08003ef1   Thumb Code   114  timer3.o(i.TIM3_ENABLE_30S)
    TIM3_IRQHandler                          0x08003f69   Thumb Code    94  stm32f10x_it.o(i.TIM3_IRQHandler)
    TIM4_IRQHandler                          0x08003fd5   Thumb Code     2  timer4.o(i.TIM4_IRQHandler)
    TIM_ClearITPendingBit                    0x08003fd7   Thumb Code     6  stm32f10x_tim.o(i.TIM_ClearITPendingBit)
    TIM_Cmd                                  0x08003fdd   Thumb Code    24  stm32f10x_tim.o(i.TIM_Cmd)
    TIM_DeInit                               0x08003ff5   Thumb Code   424  stm32f10x_tim.o(i.TIM_DeInit)
    TIM_GetITStatus                          0x080041dd   Thumb Code    34  stm32f10x_tim.o(i.TIM_GetITStatus)
    TIM_ITConfig                             0x080041ff   Thumb Code    18  stm32f10x_tim.o(i.TIM_ITConfig)
    TIM_OC3Init                              0x08004211   Thumb Code   150  stm32f10x_tim.o(i.TIM_OC3Init)
    TIM_OC3PreloadConfig                     0x080042b1   Thumb Code    18  stm32f10x_tim.o(i.TIM_OC3PreloadConfig)
    TIM_SetCounter                           0x080042c3   Thumb Code     4  stm32f10x_tim.o(i.TIM_SetCounter)
    TIM_TimeBaseInit                         0x080042c9   Thumb Code   122  stm32f10x_tim.o(i.TIM_TimeBaseInit)
    TxDataBuf_Deal                           0x0800436d   Thumb Code    86  mqtt.o(i.TxDataBuf_Deal)
    USART2_IRQHandler                        0x080043d1   Thumb Code   104  stm32f10x_it.o(i.USART2_IRQHandler)
    USART_ClearFlag                          0x0800444d   Thumb Code    18  stm32f10x_usart.o(i.USART_ClearFlag)
    USART_Cmd                                0x0800445f   Thumb Code    24  stm32f10x_usart.o(i.USART_Cmd)
    USART_DeInit                             0x08004479   Thumb Code   134  stm32f10x_usart.o(i.USART_DeInit)
    USART_GetITStatus                        0x08004515   Thumb Code    84  stm32f10x_usart.o(i.USART_GetITStatus)
    USART_ITConfig                           0x08004569   Thumb Code    74  stm32f10x_usart.o(i.USART_ITConfig)
    USART_Init                               0x080045b5   Thumb Code   210  stm32f10x_usart.o(i.USART_Init)
    UsageFault_Handler                       0x0800468d   Thumb Code     2  stm32f10x_it.o(i.UsageFault_Handler)
    Usart1_Init                              0x08004691   Thumb Code   118  usart1.o(i.Usart1_Init)
    Usart2_Init                              0x08004711   Thumb Code   176  usart2.o(i.Usart2_Init)
    WiFi_Connect_IoTServer                   0x080047c9   Thumb Code   422  wifi.o(i.WiFi_Connect_IoTServer)
    WiFi_Connect_Server                      0x08004cf1   Thumb Code   190  wifi.o(i.WiFi_Connect_Server)
    WiFi_JoinAP                              0x08004e45   Thumb Code    88  wifi.o(i.WiFi_JoinAP)
    WiFi_Reset                               0x08004ee1   Thumb Code    88  wifi.o(i.WiFi_Reset)
    WiFi_ResetIO_Init                        0x08004f51   Thumb Code    48  wifi.o(i.WiFi_ResetIO_Init)
    WiFi_SendCmd                             0x08004f85   Thumb Code    86  wifi.o(i.WiFi_SendCmd)
    WiFi_Smartconfig                         0x08004ff9   Thumb Code   118  wifi.o(i.WiFi_Smartconfig)
    WiFi_WaitAP                              0x08005091   Thumb Code    62  wifi.o(i.WiFi_WaitAP)
    __ARM_fpclassify                         0x080050e9   Thumb Code    40  fpclassify.o(i.__ARM_fpclassify)
    __mathlib_dbl_overflow                   0x08005111   Thumb Code    14  dunder.o(i.__mathlib_dbl_overflow)
    __mathlib_dbl_underflow                  0x08005121   Thumb Code    10  dunder.o(i.__mathlib_dbl_underflow)
    __mathlib_narrow                         0x08005131   Thumb Code    16  narrow.o(i.__mathlib_narrow)
    __mathlib_tofloat                        0x08005141   Thumb Code   184  narrow.o(i.__mathlib_tofloat)
    __support_ldexp                          0x080051fd   Thumb Code    22  ldexp.o(i.__support_ldexp)
    _is_digit                                0x08005213   Thumb Code    14  __printf_wp.o(i._is_digit)
    beep_init                                0x080052d1   Thumb Code    52  beep.o(i.beep_init)
    cJSON_AddItemToObject                    0x08005355   Thumb Code    26  cjson.o(i.cJSON_AddItemToObject)
    cJSON_CreateNumber                       0x08005375   Thumb Code    82  cjson.o(i.cJSON_CreateNumber)
    cJSON_CreateObject                       0x080053d9   Thumb Code    20  cjson.o(i.cJSON_CreateObject)
    cJSON_Delete                             0x080053f1   Thumb Code    84  cjson.o(i.cJSON_Delete)
    cJSON_GetErrorPtr                        0x08005449   Thumb Code    12  cjson.o(i.cJSON_GetErrorPtr)
    cJSON_GetObjectItem                      0x08005459   Thumb Code    18  cjson.o(i.cJSON_GetObjectItem)
    cJSON_Parse                              0x08005485   Thumb Code    16  cjson.o(i.cJSON_Parse)
    cJSON_ParseWithLengthOpts                0x08005495   Thumb Code   204  cjson.o(i.cJSON_ParseWithLengthOpts)
    cJSON_ParseWithOpts                      0x08005569   Thumb Code    40  cjson.o(i.cJSON_ParseWithOpts)
    cJSON_PrintUnformatted                   0x08005591   Thumb Code    16  cjson.o(i.cJSON_PrintUnformatted)
    cJSON_free                               0x080055a5   Thumb Code    14  cjson.o(i.cJSON_free)
    frexp                                    0x08005769   Thumb Code    80  frexp.o(i.frexp)
    ldexp                                    0x08005817   Thumb Code   116  ldexp.o(i.ldexp)
    light_update                             0x0800588d   Thumb Code    48  main.o(i.light_update)
    main                                     0x080058fd   Thumb Code   686  main.o(i.main)
    strtod                                   0x08006b15   Thumb Code    28  strtod.o(i.strtod)
    tim4_pwm_init                            0x08006b39   Thumb Code   132  pwm.o(i.tim4_pwm_init)
    u1_printf                                0x08006bc5   Thumb Code    84  usart1.o(i.u1_printf)
    u2_TxData                                0x08006c21   Thumb Code    58  usart2.o(i.u2_TxData)
    u2_printf                                0x08006c61   Thumb Code    84  usart2.o(i.u2_printf)
    utils_hb2hex                             0x08006e0d   Thumb Code    24  utils_md5.o(i.utils_hb2hex)
    utils_hmac_sha1                          0x08006e25   Thumb Code   232  utils_hmac.o(i.utils_hmac_sha1)
    utils_sha1_finish                        0x08006f0d   Thumb Code   228  utils_sha1.o(i.utils_sha1_finish)
    utils_sha1_init                          0x08006ff5   Thumb Code    14  utils_sha1.o(i.utils_sha1_init)
    utils_sha1_process                       0x08007005   Thumb Code  6420  utils_sha1.o(i.utils_sha1_process)
    utils_sha1_starts                        0x08008921   Thumb Code    30  utils_sha1.o(i.utils_sha1_starts)
    utils_sha1_update                        0x0800894d   Thumb Code   124  utils_sha1.o(i.utils_sha1_update)
    _get_lc_ctype                            0x080089c9   Thumb Code    44  lc_ctype_c.o(locale$$code)
    _get_lc_numeric                          0x080089f5   Thumb Code    44  lc_numeric_c.o(locale$$code)
    __aeabi_d2f                              0x08008a21   Thumb Code     0  d2f.o(x$fpl$d2f)
    _d2f                                     0x08008a21   Thumb Code    98  d2f.o(x$fpl$d2f)
    __aeabi_dadd                             0x08008a85   Thumb Code     0  daddsub_clz.o(x$fpl$dadd)
    _dadd                                    0x08008a85   Thumb Code   332  daddsub_clz.o(x$fpl$dadd)
    __fpl_dcheck_NaN1                        0x08008bd5   Thumb Code    10  dcheck1.o(x$fpl$dcheck1)
    __fpl_dcmp_Inf                           0x08008be5   Thumb Code    24  dcmpi.o(x$fpl$dcmpinf)
    __aeabi_cdcmpeq                          0x08008bfd   Thumb Code     0  deqf.o(x$fpl$deqf)
    _dcmpeq                                  0x08008bfd   Thumb Code   120  deqf.o(x$fpl$deqf)
    __aeabi_d2iz                             0x08008c75   Thumb Code     0  dfix.o(x$fpl$dfix)
    _dfix                                    0x08008c75   Thumb Code    94  dfix.o(x$fpl$dfix)
    __aeabi_i2d                              0x08008cd3   Thumb Code     0  dflt_clz.o(x$fpl$dflt)
    _dflt                                    0x08008cd3   Thumb Code    46  dflt_clz.o(x$fpl$dflt)
    __aeabi_ui2d                             0x08008d01   Thumb Code     0  dflt_clz.o(x$fpl$dfltu)
    _dfltu                                   0x08008d01   Thumb Code    38  dflt_clz.o(x$fpl$dfltu)
    __aeabi_cdcmple                          0x08008d29   Thumb Code     0  dleqf.o(x$fpl$dleqf)
    _dcmple                                  0x08008d29   Thumb Code   120  dleqf.o(x$fpl$dleqf)
    __fpl_dcmple_InfNaN                      0x08008d8b   Thumb Code     0  dleqf.o(x$fpl$dleqf)
    __aeabi_dmul                             0x08008da1   Thumb Code     0  dmul.o(x$fpl$dmul)
    _dmul                                    0x08008da1   Thumb Code   332  dmul.o(x$fpl$dmul)
    __fpl_dnaninf                            0x08008ef5   Thumb Code   156  dnaninf.o(x$fpl$dnaninf)
    __fpl_dretinf                            0x08008f91   Thumb Code    12  dretinf.o(x$fpl$dretinf)
    __aeabi_cdrcmple                         0x08008f9d   Thumb Code     0  drleqf.o(x$fpl$drleqf)
    _drcmple                                 0x08008f9d   Thumb Code   108  drleqf.o(x$fpl$drleqf)
    __aeabi_dsub                             0x08009009   Thumb Code     0  daddsub_clz.o(x$fpl$dsub)
    _dsub                                    0x08009009   Thumb Code   464  daddsub_clz.o(x$fpl$dsub)
    __fpl_fretinf                            0x080091dd   Thumb Code    10  fretinf.o(x$fpl$fretinf)
    __ieee_status                            0x080091e7   Thumb Code     6  istatus.o(x$fpl$ieeestatus)
    _printf_fp_dec                           0x080091ed   Thumb Code     4  printf1.o(x$fpl$printf1)
    __fpl_return_NaN                         0x080091f1   Thumb Code   100  retnan.o(x$fpl$retnan)
    __ARM_scalbn                             0x08009255   Thumb Code    92  scalbn.o(x$fpl$scalbn)
    _scanf_real                              0x080092b1   Thumb Code     4  scanf1.o(x$fpl$scanf1)
    _scanf_hex_real                          0x080092b5   Thumb Code     4  scanf2.o(x$fpl$scanf2)
    _scanf_infnan                            0x080092b9   Thumb Code     4  scanf2.o(x$fpl$scanf2)
    __fpl_cmpreturn                          0x080092bd   Thumb Code    48  trapv.o(x$fpl$trapveneer)
    __I$use$fp                               0x080092ec   Number         0  usenofp.o(x$fpl$usenofp)
    Region$$Table$$Base                      0x080094d4   Number         0  anon$$obj.o(Region$$Table)
    Region$$Table$$Limit                     0x080094f4   Number         0  anon$$obj.o(Region$$Table)
    __aeabi_HUGE_VAL                         0x080094f4   Data           0  fpconst.o(c$$dinf)
    __aeabi_HUGE_VALL                        0x080094f4   Data           0  fpconst.o(c$$dinf)
    __aeabi_INFINITY                         0x080094f4   Data           0  fpconst.o(c$$dinf)
    __dInf                                   0x080094f4   Data           0  fpconst.o(c$$dinf)
    __huge_val                               0x080094f4   Data           0  fpconst.o(c$$dinf)
    __dbl_max                                0x080094fc   Data           0  fpconst.o(c$$dmax)
    __ctype                                  0x08009511   Data           0  lc_ctype_c.o(locale$$data)
    PWM                                      0x20000000   Data           1  main.o(.data)
    old_data                                 0x20000001   Data           1  main.o(.data)
    new_data                                 0x20000002   Data           1  main.o(.data)
    Usart2_RxCompleted                       0x20000004   Data           1  usart2.o(.data)
    Usart2_RxCounter                         0x20000008   Data           4  usart2.o(.data)
    wifi_mode                                0x2000000c   Data           1  wifi.o(.data)
    MQTT_RxDataInPtr                         0x20000010   Data           4  mqtt.o(.data)
    MQTT_RxDataOutPtr                        0x20000014   Data           4  mqtt.o(.data)
    MQTT_RxDataEndPtr                        0x20000018   Data           4  mqtt.o(.data)
    MQTT_TxDataInPtr                         0x2000001c   Data           4  mqtt.o(.data)
    MQTT_TxDataOutPtr                        0x20000020   Data           4  mqtt.o(.data)
    MQTT_TxDataEndPtr                        0x20000024   Data           4  mqtt.o(.data)
    MQTT_CMDInPtr                            0x20000028   Data           4  mqtt.o(.data)
    MQTT_CMDOutPtr                           0x2000002c   Data           4  mqtt.o(.data)
    MQTT_CMDEndPtr                           0x20000030   Data           4  mqtt.o(.data)
    ClientID_len                             0x20000034   Data           4  mqtt.o(.data)
    Username_len                             0x20000038   Data           4  mqtt.o(.data)
    Passward_len                             0x2000003c   Data           4  mqtt.o(.data)
    ServerPort                               0x20000040   Data           4  mqtt.o(.data)
    Fixed_len                                0x20000044   Data           4  mqtt.o(.data)
    Variable_len                             0x20000048   Data           4  mqtt.o(.data)
    Payload_len                              0x2000004c   Data           4  mqtt.o(.data)
    Ping_flag                                0x20000050   Data           1  mqtt.o(.data)
    Connect_flag                             0x20000051   Data           1  mqtt.o(.data)
    ConnectPack_flag                         0x20000052   Data           1  mqtt.o(.data)
    SubcribePack_flag                        0x20000053   Data           1  mqtt.o(.data)
    key                                      0x20000068   Data           1  iot.o(.data)
    Usart1_TxBuff                            0x20000080   Data         256  usart1.o(.bss)
    Usart2_RxBuff                            0x20000180   Data        1024  usart2.o(.bss)
    USART2_TxBuff                            0x20000580   Data        1024  usart2.o(.bss)
    MQTT_RxDataBuf                           0x20000980   Data        1500  mqtt.o(.bss)
    MQTT_TxDataBuf                           0x20000f5c   Data        1500  mqtt.o(.bss)
    MQTT_CMDBuf                              0x20001538   Data        2400  mqtt.o(.bss)
    ClientID                                 0x20001e98   Data         128  mqtt.o(.bss)
    Username                                 0x20001f18   Data         128  mqtt.o(.bss)
    Passward                                 0x20001f98   Data         128  mqtt.o(.bss)
    ServerIP                                 0x20002018   Data         128  mqtt.o(.bss)
    temp_buff                                0x20002098   Data         300  mqtt.o(.bss)
    __libspace_start                         0x200021c4   Data          96  libspace.o(.bss)
    __temporary_stack_top$libspace           0x20002224   Data           0  libspace.o(.bss)



==============================================================================

Memory Map of the image

  Image Entry point : 0x08000281

  Load Region LR_1 (Base: 0x08000000, Size: 0x000096b0, Max: 0xffffffff, ABSOLUTE)

    Execution Region ER_RO (Exec base: 0x08000000, Load base: 0x08000000, Size: 0x00009630, Max: 0xffffffff, ABSOLUTE)

    Exec Addr    Load Addr    Size         Type   Attr      Idx    E Section Name        Object

    0x08000000   0x08000000   0x00000130   Data   RO         1659    RESET               startup_stm32f10x_hd.o
    0x08000130   0x08000130   0x00000008   Code   RO         3121  * !!!main             c_w.l(__main.o)
    0x08000138   0x08000138   0x00000034   Code   RO         3553    !!!scatter          c_w.l(__scatter.o)
    0x0800016c   0x0800016c   0x0000001a   Code   RO         3555    !!handler_copy      c_w.l(__scatter_copy.o)
    0x08000186   0x08000186   0x00000002   PAD
    0x08000188   0x08000188   0x0000001c   Code   RO         3557    !!handler_zi        c_w.l(__scatter_zi.o)
    0x080001a4   0x080001a4   0x00000000   Code   RO         3096    .ARM.Collect$$_printf_percent$$00000000  c_w.l(_printf_percent.o)
    0x080001a4   0x080001a4   0x00000006   Code   RO         3211    .ARM.Collect$$_printf_percent$$00000001  c_w.l(_printf_n.o)
    0x080001aa   0x080001aa   0x00000006   Code   RO         3212    .ARM.Collect$$_printf_percent$$00000002  c_w.l(_printf_p.o)
    0x080001b0   0x080001b0   0x00000006   Code   RO         3216    .ARM.Collect$$_printf_percent$$00000003  c_w.l(_printf_f.o)
    0x080001b6   0x080001b6   0x00000006   Code   RO         3217    .ARM.Collect$$_printf_percent$$00000004  c_w.l(_printf_e.o)
    0x080001bc   0x080001bc   0x00000006   Code   RO         3095    .ARM.Collect$$_printf_percent$$00000005  c_w.l(_printf_g.o)
    0x080001c2   0x080001c2   0x00000006   Code   RO         3218    .ARM.Collect$$_printf_percent$$00000006  c_w.l(_printf_a.o)
    0x080001c8   0x080001c8   0x0000000a   Code   RO         3223    .ARM.Collect$$_printf_percent$$00000007  c_w.l(_printf_ll.o)
    0x080001d2   0x080001d2   0x00000006   Code   RO         3094    .ARM.Collect$$_printf_percent$$00000008  c_w.l(_printf_i.o)
    0x080001d8   0x080001d8   0x00000006   Code   RO         3214    .ARM.Collect$$_printf_percent$$00000009  c_w.l(_printf_d.o)
    0x080001de   0x080001de   0x00000006   Code   RO         3215    .ARM.Collect$$_printf_percent$$0000000A  c_w.l(_printf_u.o)
    0x080001e4   0x080001e4   0x00000006   Code   RO         3213    .ARM.Collect$$_printf_percent$$0000000B  c_w.l(_printf_o.o)
    0x080001ea   0x080001ea   0x00000006   Code   RO         3093    .ARM.Collect$$_printf_percent$$0000000C  c_w.l(_printf_x.o)
    0x080001f0   0x080001f0   0x00000006   Code   RO         3220    .ARM.Collect$$_printf_percent$$0000000D  c_w.l(_printf_lli.o)
    0x080001f6   0x080001f6   0x00000006   Code   RO         3221    .ARM.Collect$$_printf_percent$$0000000E  c_w.l(_printf_lld.o)
    0x080001fc   0x080001fc   0x00000006   Code   RO         3222    .ARM.Collect$$_printf_percent$$0000000F  c_w.l(_printf_llu.o)
    0x08000202   0x08000202   0x00000006   Code   RO         3227    .ARM.Collect$$_printf_percent$$00000010  c_w.l(_printf_llo.o)
    0x08000208   0x08000208   0x00000006   Code   RO         3228    .ARM.Collect$$_printf_percent$$00000011  c_w.l(_printf_llx.o)
    0x0800020e   0x0800020e   0x0000000a   Code   RO         3224    .ARM.Collect$$_printf_percent$$00000012  c_w.l(_printf_l.o)
    0x08000218   0x08000218   0x00000006   Code   RO         3210    .ARM.Collect$$_printf_percent$$00000013  c_w.l(_printf_c.o)
    0x0800021e   0x0800021e   0x00000006   Code   RO         3092    .ARM.Collect$$_printf_percent$$00000014  c_w.l(_printf_s.o)
    0x08000224   0x08000224   0x00000006   Code   RO         3225    .ARM.Collect$$_printf_percent$$00000015  c_w.l(_printf_lc.o)
    0x0800022a   0x0800022a   0x00000006   Code   RO         3226    .ARM.Collect$$_printf_percent$$00000016  c_w.l(_printf_ls.o)
    0x08000230   0x08000230   0x00000004   Code   RO         3219    .ARM.Collect$$_printf_percent$$00000017  c_w.l(_printf_percent_end.o)
    0x08000234   0x08000234   0x00000002   Code   RO         3437    .ARM.Collect$$libinit$$00000000  c_w.l(libinit.o)
    0x08000236   0x08000236   0x00000000   Code   RO         3240    .ARM.Collect$$libinit$$00000002  c_w.l(libinit2.o)
    0x08000236   0x08000236   0x00000000   Code   RO         3242    .ARM.Collect$$libinit$$00000004  c_w.l(libinit2.o)
    0x08000236   0x08000236   0x00000008   Code   RO         3243    .ARM.Collect$$libinit$$00000005  c_w.l(libinit2.o)
    0x0800023e   0x0800023e   0x00000000   Code   RO         3245    .ARM.Collect$$libinit$$0000000A  c_w.l(libinit2.o)
    0x0800023e   0x0800023e   0x00000000   Code   RO         3247    .ARM.Collect$$libinit$$0000000C  c_w.l(libinit2.o)
    0x0800023e   0x0800023e   0x00000000   Code   RO         3249    .ARM.Collect$$libinit$$0000000E  c_w.l(libinit2.o)
    0x0800023e   0x0800023e   0x00000006   Code   RO         3250    .ARM.Collect$$libinit$$0000000F  c_w.l(libinit2.o)
    0x08000244   0x08000244   0x00000000   Code   RO         3252    .ARM.Collect$$libinit$$00000011  c_w.l(libinit2.o)
    0x08000244   0x08000244   0x0000000c   Code   RO         3253    .ARM.Collect$$libinit$$00000012  c_w.l(libinit2.o)
    0x08000250   0x08000250   0x00000000   Code   RO         3254    .ARM.Collect$$libinit$$00000013  c_w.l(libinit2.o)
    0x08000250   0x08000250   0x00000000   Code   RO         3256    .ARM.Collect$$libinit$$00000015  c_w.l(libinit2.o)
    0x08000250   0x08000250   0x0000000a   Code   RO         3257    .ARM.Collect$$libinit$$00000016  c_w.l(libinit2.o)
    0x0800025a   0x0800025a   0x00000000   Code   RO         3258    .ARM.Collect$$libinit$$00000017  c_w.l(libinit2.o)
    0x0800025a   0x0800025a   0x00000000   Code   RO         3260    .ARM.Collect$$libinit$$00000019  c_w.l(libinit2.o)
    0x0800025a   0x0800025a   0x00000000   Code   RO         3262    .ARM.Collect$$libinit$$0000001B  c_w.l(libinit2.o)
    0x0800025a   0x0800025a   0x00000000   Code   RO         3264    .ARM.Collect$$libinit$$0000001D  c_w.l(libinit2.o)
    0x0800025a   0x0800025a   0x00000000   Code   RO         3266    .ARM.Collect$$libinit$$0000001F  c_w.l(libinit2.o)
    0x0800025a   0x0800025a   0x00000000   Code   RO         3268    .ARM.Collect$$libinit$$00000021  c_w.l(libinit2.o)
    0x0800025a   0x0800025a   0x00000000   Code   RO         3270    .ARM.Collect$$libinit$$00000023  c_w.l(libinit2.o)
    0x0800025a   0x0800025a   0x00000000   Code   RO         3272    .ARM.Collect$$libinit$$00000025  c_w.l(libinit2.o)
    0x0800025a   0x0800025a   0x00000000   Code   RO         3276    .ARM.Collect$$libinit$$0000002C  c_w.l(libinit2.o)
    0x0800025a   0x0800025a   0x00000000   Code   RO         3278    .ARM.Collect$$libinit$$0000002E  c_w.l(libinit2.o)
    0x0800025a   0x0800025a   0x00000000   Code   RO         3280    .ARM.Collect$$libinit$$00000030  c_w.l(libinit2.o)
    0x0800025a   0x0800025a   0x00000000   Code   RO         3282    .ARM.Collect$$libinit$$00000032  c_w.l(libinit2.o)
    0x0800025a   0x0800025a   0x00000002   Code   RO         3283    .ARM.Collect$$libinit$$00000033  c_w.l(libinit2.o)
    0x0800025c   0x0800025c   0x00000002   Code   RO         3542    .ARM.Collect$$libshutdown$$00000000  c_w.l(libshutdown.o)
    0x0800025e   0x0800025e   0x00000000   Code   RO         3463    .ARM.Collect$$libshutdown$$00000002  c_w.l(libshutdown2.o)
    0x0800025e   0x0800025e   0x00000000   Code   RO         3465    .ARM.Collect$$libshutdown$$00000004  c_w.l(libshutdown2.o)
    0x0800025e   0x0800025e   0x00000000   Code   RO         3467    .ARM.Collect$$libshutdown$$00000006  c_w.l(libshutdown2.o)
    0x0800025e   0x0800025e   0x00000000   Code   RO         3470    .ARM.Collect$$libshutdown$$00000009  c_w.l(libshutdown2.o)
    0x0800025e   0x0800025e   0x00000000   Code   RO         3473    .ARM.Collect$$libshutdown$$0000000C  c_w.l(libshutdown2.o)
    0x0800025e   0x0800025e   0x00000000   Code   RO         3475    .ARM.Collect$$libshutdown$$0000000E  c_w.l(libshutdown2.o)
    0x0800025e   0x0800025e   0x00000000   Code   RO         3478    .ARM.Collect$$libshutdown$$00000011  c_w.l(libshutdown2.o)
    0x0800025e   0x0800025e   0x00000002   Code   RO         3479    .ARM.Collect$$libshutdown$$00000012  c_w.l(libshutdown2.o)
    0x08000260   0x08000260   0x00000000   Code   RO         3157    .ARM.Collect$$rtentry$$00000000  c_w.l(__rtentry.o)
    0x08000260   0x08000260   0x00000000   Code   RO         3299    .ARM.Collect$$rtentry$$00000002  c_w.l(__rtentry2.o)
    0x08000260   0x08000260   0x00000006   Code   RO         3311    .ARM.Collect$$rtentry$$00000004  c_w.l(__rtentry4.o)
    0x08000266   0x08000266   0x00000000   Code   RO         3301    .ARM.Collect$$rtentry$$00000009  c_w.l(__rtentry2.o)
    0x08000266   0x08000266   0x00000004   Code   RO         3302    .ARM.Collect$$rtentry$$0000000A  c_w.l(__rtentry2.o)
    0x0800026a   0x0800026a   0x00000000   Code   RO         3304    .ARM.Collect$$rtentry$$0000000C  c_w.l(__rtentry2.o)
    0x0800026a   0x0800026a   0x00000008   Code   RO         3305    .ARM.Collect$$rtentry$$0000000D  c_w.l(__rtentry2.o)
    0x08000272   0x08000272   0x00000002   Code   RO         3448    .ARM.Collect$$rtexit$$00000000  c_w.l(rtexit.o)
    0x08000274   0x08000274   0x00000000   Code   RO         3499    .ARM.Collect$$rtexit$$00000002  c_w.l(rtexit2.o)
    0x08000274   0x08000274   0x00000004   Code   RO         3500    .ARM.Collect$$rtexit$$00000003  c_w.l(rtexit2.o)
    0x08000278   0x08000278   0x00000006   Code   RO         3501    .ARM.Collect$$rtexit$$00000004  c_w.l(rtexit2.o)
    0x0800027e   0x0800027e   0x00000002   PAD
    0x08000280   0x08000280   0x00000000   Code   RO         3325    .emb_text           c_w.l(maybetermalloc1.o)
    0x08000280   0x08000280   0x00000040   Code   RO         1660  * .text               startup_stm32f10x_hd.o
    0x080002c0   0x080002c0   0x0000005e   Code   RO         2973    .text               c_w.l(h1_alloc.o)
    0x0800031e   0x0800031e   0x0000004e   Code   RO         2975    .text               c_w.l(h1_free.o)
    0x0800036c   0x0800036c   0x000000b8   Code   RO         2977    .text               c_w.l(h1_realloc.o)
    0x08000424   0x08000424   0x0000001a   Code   RO         3035    .text               c_w.l(tolower.o)
    0x0800043e   0x0800043e   0x00000002   PAD
    0x08000440   0x08000440   0x00000024   Code   RO         3037    .text               c_w.l(c89vsprintf.o)
    0x08000464   0x08000464   0x0000002c   Code   RO         3039    .text               c_w.l(__2sprintf.o)
    0x08000490   0x08000490   0x0000004e   Code   RO         3045    .text               c_w.l(_printf_pad.o)
    0x080004de   0x080004de   0x00000052   Code   RO         3047    .text               c_w.l(_printf_str.o)
    0x08000530   0x08000530   0x00000078   Code   RO         3049    .text               c_w.l(_printf_dec.o)
    0x080005a8   0x080005a8   0x00000094   Code   RO         3069    .text               c_w.l(_printf_hex_int_ll_ptr.o)
    0x0800063c   0x0800063c   0x00000188   Code   RO         3089    .text               c_w.l(__printf_flags_ss_wp.o)
    0x080007c4   0x080007c4   0x0000003c   Code   RO         3097    .text               c_w.l(__0sscanf.o)
    0x08000800   0x08000800   0x00000024   Code   RO         3099    .text               c_w.l(strstr.o)
    0x08000824   0x08000824   0x00000048   Code   RO         3101    .text               c_w.l(strcpy.o)
    0x0800086c   0x0800086c   0x0000003e   Code   RO         3103    .text               c_w.l(strlen.o)
    0x080008aa   0x080008aa   0x00000096   Code   RO         3105    .text               c_w.l(strncmp.o)
    0x08000940   0x08000940   0x0000008a   Code   RO         3107    .text               c_w.l(rt_memcpy_v6.o)
    0x080009ca   0x080009ca   0x00000064   Code   RO         3109    .text               c_w.l(rt_memcpy_w.o)
    0x08000a2e   0x08000a2e   0x00000010   Code   RO         3111    .text               c_w.l(aeabi_memset.o)
    0x08000a3e   0x08000a3e   0x00000044   Code   RO         3113    .text               c_w.l(rt_memclr.o)
    0x08000a82   0x08000a82   0x0000004e   Code   RO         3115    .text               c_w.l(rt_memclr_w.o)
    0x08000ad0   0x08000ad0   0x00000080   Code   RO         3117    .text               c_w.l(strcmpv7m.o)
    0x08000b50   0x08000b50   0x00000006   Code   RO         3119    .text               c_w.l(heapauxi.o)
    0x08000b56   0x08000b56   0x00000002   PAD
    0x08000b58   0x08000b58   0x00000010   Code   RO         3158    .text               c_w.l(rt_ctype_table.o)
    0x08000b68   0x08000b68   0x00000008   Code   RO         3163    .text               c_w.l(rt_heap_descriptor_intlibspace.o)
    0x08000b70   0x08000b70   0x00000004   Code   RO         3165    .text               c_w.l(hguard.o)
    0x08000b74   0x08000b74   0x0000008a   Code   RO         3167    .text               c_w.l(init_alloc.o)
    0x08000bfe   0x08000bfe   0x0000000e   Code   RO         3171    .text               c_w.l(h1_init.o)
    0x08000c0c   0x08000c0c   0x00000024   Code   RO         3185    .text               c_w.l(_printf_truncate.o)
    0x08000c30   0x08000c30   0x000000b2   Code   RO         3187    .text               c_w.l(_printf_intcommon.o)
    0x08000ce2   0x08000ce2   0x00000028   Code   RO         3189    .text               c_w.l(_printf_charcount.o)
    0x08000d0a   0x08000d0a   0x0000041e   Code   RO         3191    .text               c_w.l(_printf_fp_dec.o)
    0x08001128   0x08001128   0x00000030   Code   RO         3193    .text               c_w.l(_printf_char_common.o)
    0x08001158   0x08001158   0x0000000a   Code   RO         3195    .text               c_w.l(_sputc.o)
    0x08001162   0x08001162   0x0000002c   Code   RO         3197    .text               c_w.l(_printf_char.o)
    0x0800118e   0x0800118e   0x00000002   PAD
    0x08001190   0x08001190   0x000000bc   Code   RO         3199    .text               c_w.l(_printf_wctomb.o)
    0x0800124c   0x0800124c   0x0000007c   Code   RO         3202    .text               c_w.l(_printf_longlong_dec.o)
    0x080012c8   0x080012c8   0x00000070   Code   RO         3208    .text               c_w.l(_printf_oct_int_ll.o)
    0x08001338   0x08001338   0x000004f8   Code   RO         3229    .text               c_w.l(scanf_fp.o)
    0x08001830   0x08001830   0x0000002c   Code   RO         3231    .text               c_w.l(scanf_char.o)
    0x0800185c   0x0800185c   0x00000040   Code   RO         3233    .text               c_w.l(_sgetc.o)
    0x0800189c   0x0800189c   0x000000a4   Code   RO         3235    .text               c_w.l(strtod.o)
    0x08001940   0x08001940   0x00000008   Code   RO         3295    .text               c_w.l(libspace.o)
    0x08001948   0x08001948   0x00000008   Code   RO         3316    .text               c_w.l(rt_locale_intlibspace.o)
    0x08001950   0x08001950   0x00000008   Code   RO         3321    .text               c_w.l(rt_errno_addr_intlibspace.o)
    0x08001958   0x08001958   0x00000034   Code   RO         3327    .text               c_w.l(h1_extend.o)
    0x0800198c   0x0800198c   0x0000008a   Code   RO         3331    .text               c_w.l(lludiv10.o)
    0x08001a16   0x08001a16   0x00000012   Code   RO         3333    .text               c_w.l(isspace.o)
    0x08001a28   0x08001a28   0x00000080   Code   RO         3335    .text               c_w.l(_printf_fp_infnan.o)
    0x08001aa8   0x08001aa8   0x0000002c   Code   RO         3339    .text               c_w.l(_printf_wchar.o)
    0x08001ad4   0x08001ad4   0x00000374   Code   RO         3341    .text               c_w.l(_scanf.o)
    0x08001e48   0x08001e48   0x000000e4   Code   RO         3343    .text               c_w.l(bigflt0.o)
    0x08001f2c   0x08001f2c   0x00000040   Code   RO         3368    .text               c_w.l(_wcrtomb.o)
    0x08001f6c   0x08001f6c   0x0000000e   Code   RO         3376    .text               c_w.l(defsig_rtmem_outer.o)
    0x08001f7a   0x08001f7a   0x00000002   Code   RO         3407    .text               c_w.l(use_no_semi.o)
    0x08001f7c   0x08001f7c   0x00000000   Code   RO         3409    .text               c_w.l(indicate_semi.o)
    0x08001f7c   0x08001f7c   0x0000004a   Code   RO         3410    .text               c_w.l(sys_stackheap_outer.o)
    0x08001fc6   0x08001fc6   0x00000016   Code   RO         3416    .text               c_w.l(_rserrno.o)
    0x08001fdc   0x08001fdc   0x00000320   Code   RO         3418    .text               c_w.l(scanf_hexfp.o)
    0x080022fc   0x080022fc   0x00000134   Code   RO         3420    .text               c_w.l(scanf_infnan.o)
    0x08002430   0x08002430   0x00000012   Code   RO         3422    .text               c_w.l(exit.o)
    0x08002442   0x08002442   0x0000000a   Code   RO         3424    .text               c_w.l(defsig_exit.o)
    0x0800244c   0x0800244c   0x00000050   Code   RO         3426    .text               c_w.l(defsig_rtmem_inner.o)
    0x0800249c   0x0800249c   0x0000000c   Code   RO         3446    .text               c_w.l(sys_exit.o)
    0x080024a8   0x080024a8   0x00000026   Code   RO         3454    .text               c_w.l(llshl.o)
    0x080024ce   0x080024ce   0x0000001c   Code   RO         3456    .text               c_w.l(_chval.o)
    0x080024ea   0x080024ea   0x00000032   Code   RO         3460    .text               c_w.l(defsig_general.o)
    0x0800251c   0x0800251c   0x0000000e   Code   RO         3496    .text               c_w.l(sys_wrch.o)
    0x0800252a   0x0800252a   0x0000003e   Code   RO         3346    CL$$btod_d2e        c_w.l(btod.o)
    0x08002568   0x08002568   0x00000046   Code   RO         3348    CL$$btod_d2e_denorm_low  c_w.l(btod.o)
    0x080025ae   0x080025ae   0x00000060   Code   RO         3347    CL$$btod_d2e_norm_op1  c_w.l(btod.o)
    0x0800260e   0x0800260e   0x00000338   Code   RO         3356    CL$$btod_div_common  c_w.l(btod.o)
    0x08002946   0x08002946   0x00000002   PAD
    0x08002948   0x08002948   0x00000084   Code   RO         3354    CL$$btod_e2d        c_w.l(btod.o)
    0x080029cc   0x080029cc   0x000000dc   Code   RO         3353    CL$$btod_e2e        c_w.l(btod.o)
    0x08002aa8   0x08002aa8   0x0000002a   Code   RO         3350    CL$$btod_ediv       c_w.l(btod.o)
    0x08002ad2   0x08002ad2   0x0000002a   Code   RO         3352    CL$$btod_edivd      c_w.l(btod.o)
    0x08002afc   0x08002afc   0x0000002a   Code   RO         3349    CL$$btod_emul       c_w.l(btod.o)
    0x08002b26   0x08002b26   0x0000002a   Code   RO         3351    CL$$btod_emuld      c_w.l(btod.o)
    0x08002b50   0x08002b50   0x00000244   Code   RO         3355    CL$$btod_mult_common  c_w.l(btod.o)
    0x08002d94   0x08002d94   0x000001e4   Code   RO          580    i.AliIoT_Parameter_Init  mqtt.o
    0x08002f78   0x08002f78   0x00000002   Code   RO          371    i.BusFault_Handler  stm32f10x_it.o
    0x08002f7a   0x08002f7a   0x00000002   PAD
    0x08002f7c   0x08002f7c   0x0000006c   Code   RO          581    i.CMDBuf_Deal       mqtt.o
    0x08002fe8   0x08002fe8   0x00000002   Code   RO          372    i.DebugMon_Handler  stm32f10x_it.o
    0x08002fea   0x08002fea   0x0000000c   Code   RO          212    i.Delay_Init        delay.o
    0x08002ff6   0x08002ff6   0x00000002   PAD
    0x08002ff8   0x08002ff8   0x000000f8   Code   RO          213    i.Delay_Ms          delay.o
    0x080030f0   0x080030f0   0x00000034   Code   RO         1479    i.EXTI9_5_IRQHandler  iot.o
    0x08003124   0x08003124   0x0000000c   Code   RO         2743    i.EXTI_ClearITPendingBit  stm32f10x_exti.o
    0x08003130   0x08003130   0x00000028   Code   RO         2747    i.EXTI_GetITStatus  stm32f10x_exti.o
    0x08003158   0x08003158   0x00000116   Code   RO         2634    i.GPIO_Init         stm32f10x_gpio.o
    0x0800326e   0x0800326e   0x00000012   Code   RO         2638    i.GPIO_ReadInputDataBit  stm32f10x_gpio.o
    0x08003280   0x08003280   0x00000012   Code   RO         2640    i.GPIO_ReadOutputDataBit  stm32f10x_gpio.o
    0x08003292   0x08003292   0x00000004   Code   RO         2641    i.GPIO_ResetBits    stm32f10x_gpio.o
    0x08003296   0x08003296   0x00000004   Code   RO         2642    i.GPIO_SetBits      stm32f10x_gpio.o
    0x0800329a   0x0800329a   0x0000000a   Code   RO         2645    i.GPIO_WriteBit     stm32f10x_gpio.o
    0x080032a4   0x080032a4   0x00000002   Code   RO          373    i.HardFault_Handler  stm32f10x_it.o
    0x080032a6   0x080032a6   0x00000002   PAD
    0x080032a8   0x080032a8   0x000000a4   Code   RO            2    i.IOT_CONTORL       main.o
    0x0800334c   0x0800334c   0x00000054   Code   RO         1482    i.IOT_Init          iot.o
    0x080033a0   0x080033a0   0x000000d0   Code   RO            3    i.IOT_State_Update  main.o
    0x08003470   0x08003470   0x00000028   Code   RO            4    i.Lighting_State    main.o
    0x08003498   0x08003498   0x000000c4   Code   RO          582    i.MQTT_Buff_Init    mqtt.o
    0x0800355c   0x0800355c   0x00000218   Code   RO          583    i.MQTT_ConectPack   mqtt.o
    0x08003774   0x08003774   0x000000e2   Code   RO          584    i.MQTT_DealPushdata_Qs0  mqtt.o
    0x08003856   0x08003856   0x00000002   PAD
    0x08003858   0x08003858   0x0000001c   Code   RO          585    i.MQTT_PingREQ      mqtt.o
    0x08003874   0x08003874   0x000000ec   Code   RO          586    i.MQTT_PublishQs0   mqtt.o
    0x08003960   0x08003960   0x00000098   Code   RO          587    i.MQTT_Subscribe    mqtt.o
    0x080039f8   0x080039f8   0x00000002   Code   RO          374    i.MemManage_Handler  stm32f10x_it.o
    0x080039fa   0x080039fa   0x00000002   Code   RO          375    i.NMI_Handler       stm32f10x_it.o
    0x080039fc   0x080039fc   0x00000070   Code   RO         1664    i.NVIC_Init         misc.o
    0x08003a6c   0x08003a6c   0x00000014   Code   RO         1665    i.NVIC_PriorityGroupConfig  misc.o
    0x08003a80   0x08003a80   0x00000002   Code   RO          376    i.PendSV_Handler    stm32f10x_it.o
    0x08003a82   0x08003a82   0x00000002   PAD
    0x08003a84   0x08003a84   0x00000020   Code   RO         1702    i.RCC_APB1PeriphClockCmd  stm32f10x_rcc.o
    0x08003aa4   0x08003aa4   0x00000020   Code   RO         1703    i.RCC_APB1PeriphResetCmd  stm32f10x_rcc.o
    0x08003ac4   0x08003ac4   0x00000020   Code   RO         1704    i.RCC_APB2PeriphClockCmd  stm32f10x_rcc.o
    0x08003ae4   0x08003ae4   0x00000020   Code   RO         1705    i.RCC_APB2PeriphResetCmd  stm32f10x_rcc.o
    0x08003b04   0x08003b04   0x000000d4   Code   RO         1712    i.RCC_GetClocksFreq  stm32f10x_rcc.o
    0x08003bd8   0x08003bd8   0x00000002   Code   RO          377    i.SVC_Handler       stm32f10x_it.o
    0x08003bda   0x08003bda   0x00000008   Code   RO         1623    i.SetSysClock       system_stm32f10x.o
    0x08003be2   0x08003be2   0x00000002   PAD
    0x08003be4   0x08003be4   0x000000e0   Code   RO         1624    i.SetSysClockTo72   system_stm32f10x.o
    0x08003cc4   0x08003cc4   0x00000028   Code   RO         1668    i.SysTick_CLKSourceConfig  misc.o
    0x08003cec   0x08003cec   0x00000002   Code   RO          378    i.SysTick_Handler   stm32f10x_it.o
    0x08003cee   0x08003cee   0x00000002   PAD
    0x08003cf0   0x08003cf0   0x00000060   Code   RO         1626    i.SystemInit        system_stm32f10x.o
    0x08003d50   0x08003d50   0x00000078   Code   RO          679    i.TIM1_Init         timer1.o
    0x08003dc8   0x08003dc8   0x00000098   Code   RO          379    i.TIM1_UP_IRQHandler  stm32f10x_it.o
    0x08003e60   0x08003e60   0x00000016   Code   RO         1534    i.TIM2_IRQHandler   pwm.o
    0x08003e76   0x08003e76   0x00000002   PAD
    0x08003e78   0x08003e78   0x00000078   Code   RO          661    i.TIM3_ENABLE_2S    timer3.o
    0x08003ef0   0x08003ef0   0x00000078   Code   RO          662    i.TIM3_ENABLE_30S   timer3.o
    0x08003f68   0x08003f68   0x0000006c   Code   RO          380    i.TIM3_IRQHandler   stm32f10x_it.o
    0x08003fd4   0x08003fd4   0x00000002   Code   RO          350    i.TIM4_IRQHandler   timer4.o
    0x08003fd6   0x08003fd6   0x00000006   Code   RO         1911    i.TIM_ClearITPendingBit  stm32f10x_tim.o
    0x08003fdc   0x08003fdc   0x00000018   Code   RO         1916    i.TIM_Cmd           stm32f10x_tim.o
    0x08003ff4   0x08003ff4   0x000001e8   Code   RO         1921    i.TIM_DeInit        stm32f10x_tim.o
    0x080041dc   0x080041dc   0x00000022   Code   RO         1937    i.TIM_GetITStatus   stm32f10x_tim.o
    0x080041fe   0x080041fe   0x00000012   Code   RO         1941    i.TIM_ITConfig      stm32f10x_tim.o
    0x08004210   0x08004210   0x000000a0   Code   RO         1955    i.TIM_OC3Init       stm32f10x_tim.o
    0x080042b0   0x080042b0   0x00000012   Code   RO         1958    i.TIM_OC3PreloadConfig  stm32f10x_tim.o
    0x080042c2   0x080042c2   0x00000004   Code   RO         1981    i.TIM_SetCounter    stm32f10x_tim.o
    0x080042c6   0x080042c6   0x00000002   PAD
    0x080042c8   0x080042c8   0x000000a4   Code   RO         1987    i.TIM_TimeBaseInit  stm32f10x_tim.o
    0x0800436c   0x0800436c   0x00000064   Code   RO          588    i.TxDataBuf_Deal    mqtt.o
    0x080043d0   0x080043d0   0x0000007c   Code   RO          381    i.USART2_IRQHandler  stm32f10x_it.o
    0x0800444c   0x0800444c   0x00000012   Code   RO         2448    i.USART_ClearFlag   stm32f10x_usart.o
    0x0800445e   0x0800445e   0x00000018   Code   RO         2452    i.USART_Cmd         stm32f10x_usart.o
    0x08004476   0x08004476   0x00000002   PAD
    0x08004478   0x08004478   0x0000009c   Code   RO         2454    i.USART_DeInit      stm32f10x_usart.o
    0x08004514   0x08004514   0x00000054   Code   RO         2456    i.USART_GetITStatus  stm32f10x_usart.o
    0x08004568   0x08004568   0x0000004a   Code   RO         2458    i.USART_ITConfig    stm32f10x_usart.o
    0x080045b2   0x080045b2   0x00000002   PAD
    0x080045b4   0x080045b4   0x000000d8   Code   RO         2459    i.USART_Init        stm32f10x_usart.o
    0x0800468c   0x0800468c   0x00000002   Code   RO          382    i.UsageFault_Handler  stm32f10x_it.o
    0x0800468e   0x0800468e   0x00000002   PAD
    0x08004690   0x08004690   0x00000080   Code   RO          319    i.Usart1_Init       usart1.o
    0x08004710   0x08004710   0x000000b8   Code   RO          455    i.Usart2_Init       usart2.o
    0x080047c8   0x080047c8   0x00000528   Code   RO          517    i.WiFi_Connect_IoTServer  wifi.o
    0x08004cf0   0x08004cf0   0x00000154   Code   RO          518    i.WiFi_Connect_Server  wifi.o
    0x08004e44   0x08004e44   0x0000009c   Code   RO          519    i.WiFi_JoinAP       wifi.o
    0x08004ee0   0x08004ee0   0x00000070   Code   RO          520    i.WiFi_Reset        wifi.o
    0x08004f50   0x08004f50   0x00000034   Code   RO          521    i.WiFi_ResetIO_Init  wifi.o
    0x08004f84   0x08004f84   0x00000074   Code   RO          522    i.WiFi_SendCmd      wifi.o
    0x08004ff8   0x08004ff8   0x00000098   Code   RO          523    i.WiFi_Smartconfig  wifi.o
    0x08005090   0x08005090   0x00000058   Code   RO          524    i.WiFi_WaitAP       wifi.o
    0x080050e8   0x080050e8   0x00000028   Code   RO         3399    i.__ARM_fpclassify  m_ws.l(fpclassify.o)
    0x08005110   0x08005110   0x0000000e   Code   RO         3513    i.__mathlib_dbl_overflow  m_ws.l(dunder.o)
    0x0800511e   0x0800511e   0x00000002   PAD
    0x08005120   0x08005120   0x00000010   Code   RO         3515    i.__mathlib_dbl_underflow  m_ws.l(dunder.o)
    0x08005130   0x08005130   0x00000010   Code   RO         3401    i.__mathlib_narrow  m_ws.l(narrow.o)
    0x08005140   0x08005140   0x000000bc   Code   RO         3402    i.__mathlib_tofloat  m_ws.l(narrow.o)
    0x080051fc   0x080051fc   0x00000016   Code   RO         3485    i.__support_ldexp   m_ws.l(ldexp.o)
    0x08005212   0x08005212   0x0000000e   Code   RO         3082    i._is_digit         c_w.l(__printf_wp.o)
    0x08005220   0x08005220   0x00000036   Code   RO          802    i.add_item_to_array  cjson.o
    0x08005256   0x08005256   0x0000007a   Code   RO          803    i.add_item_to_object  cjson.o
    0x080052d0   0x080052d0   0x0000003c   Code   RO         1558    i.beep_init         beep.o
    0x0800530c   0x0800530c   0x00000048   Code   RO          804    i.buffer_skip_whitespace  cjson.o
    0x08005354   0x08005354   0x00000020   Code   RO          811    i.cJSON_AddItemToObject  cjson.o
    0x08005374   0x08005374   0x00000064   Code   RO          828    i.cJSON_CreateNumber  cjson.o
    0x080053d8   0x080053d8   0x00000018   Code   RO          829    i.cJSON_CreateObject  cjson.o
    0x080053f0   0x080053f0   0x00000058   Code   RO          836    i.cJSON_Delete      cjson.o
    0x08005448   0x08005448   0x00000010   Code   RO          847    i.cJSON_GetErrorPtr  cjson.o
    0x08005458   0x08005458   0x00000012   Code   RO          849    i.cJSON_GetObjectItem  cjson.o
    0x0800546a   0x0800546a   0x0000001a   Code   RO          866    i.cJSON_New_Item    cjson.o
    0x08005484   0x08005484   0x00000010   Code   RO          867    i.cJSON_Parse       cjson.o
    0x08005494   0x08005494   0x000000d4   Code   RO          869    i.cJSON_ParseWithLengthOpts  cjson.o
    0x08005568   0x08005568   0x00000028   Code   RO          870    i.cJSON_ParseWithOpts  cjson.o
    0x08005590   0x08005590   0x00000014   Code   RO          874    i.cJSON_PrintUnformatted  cjson.o
    0x080055a4   0x080055a4   0x00000014   Code   RO          882    i.cJSON_free        cjson.o
    0x080055b8   0x080055b8   0x00000038   Code   RO          884    i.cJSON_strdup      cjson.o
    0x080055f0   0x080055f0   0x00000048   Code   RO          885    i.case_insensitive_strcmp  cjson.o
    0x08005638   0x08005638   0x00000002   Code   RO          886    i.cast_away_const   cjson.o
    0x0800563a   0x0800563a   0x00000002   PAD
    0x0800563c   0x0800563c   0x00000074   Code   RO          887    i.compare_double    cjson.o
    0x080056b0   0x080056b0   0x000000b8   Code   RO          889    i.ensure            cjson.o
    0x08005768   0x08005768   0x00000058   Code   RO         3443    i.frexp             m_ws.l(frexp.o)
    0x080057c0   0x080057c0   0x00000004   Code   RO          891    i.get_decimal_point  cjson.o
    0x080057c4   0x080057c4   0x00000052   Code   RO          892    i.get_object_item   cjson.o
    0x08005816   0x08005816   0x00000074   Code   RO         3486    i.ldexp             m_ws.l(ldexp.o)
    0x0800588a   0x0800588a   0x00000002   PAD
    0x0800588c   0x0800588c   0x00000070   Code   RO            6    i.light_update      main.o
    0x080058fc   0x080058fc   0x000004bc   Code   RO            7    i.main              main.o
    0x08005db8   0x08005db8   0x000000f8   Code   RO          894    i.parse_array       cjson.o
    0x08005eb0   0x08005eb0   0x0000005a   Code   RO          895    i.parse_hex4        cjson.o
    0x08005f0a   0x08005f0a   0x00000002   PAD
    0x08005f0c   0x08005f0c   0x00000138   Code   RO          896    i.parse_number      cjson.o
    0x08006044   0x08006044   0x0000013e   Code   RO          897    i.parse_object      cjson.o
    0x08006182   0x08006182   0x0000018c   Code   RO          898    i.parse_string      cjson.o
    0x0800630e   0x0800630e   0x00000002   PAD
    0x08006310   0x08006310   0x0000013c   Code   RO          899    i.parse_value       cjson.o
    0x0800644c   0x0800644c   0x000000b2   Code   RO          900    i.print             cjson.o
    0x080064fe   0x080064fe   0x000000b2   Code   RO          901    i.print_array       cjson.o
    0x080065b0   0x080065b0   0x0000012c   Code   RO          902    i.print_number      cjson.o
    0x080066dc   0x080066dc   0x00000174   Code   RO          903    i.print_object      cjson.o
    0x08006850   0x08006850   0x00000010   Code   RO          904    i.print_string      cjson.o
    0x08006860   0x08006860   0x00000174   Code   RO          905    i.print_string_ptr  cjson.o
    0x080069d4   0x080069d4   0x00000104   Code   RO          906    i.print_value       cjson.o
    0x08006ad8   0x08006ad8   0x0000003c   Code   RO          910    i.skip_utf8_bom     cjson.o
    0x08006b14   0x08006b14   0x0000001c   Code   RO         3152    i.strtod            m_ws.l(strtod.o)
    0x08006b30   0x08006b30   0x00000006   Code   RO          911    i.suffix_object     cjson.o
    0x08006b36   0x08006b36   0x00000002   PAD
    0x08006b38   0x08006b38   0x0000008c   Code   RO         1535    i.tim4_pwm_init     pwm.o
    0x08006bc4   0x08006bc4   0x0000005c   Code   RO          320    i.u1_printf         usart1.o
    0x08006c20   0x08006c20   0x00000040   Code   RO          456    i.u2_TxData         usart2.o
    0x08006c60   0x08006c60   0x0000005c   Code   RO          457    i.u2_printf         usart2.o
    0x08006cbc   0x08006cbc   0x00000024   Code   RO          912    i.update_offset     cjson.o
    0x08006ce0   0x08006ce0   0x0000012c   Code   RO          913    i.utf16_literal_to_utf8  cjson.o
    0x08006e0c   0x08006e0c   0x00000018   Code   RO         2838    i.utils_hb2hex      utils_md5.o
    0x08006e24   0x08006e24   0x000000e8   Code   RO         2798    i.utils_hmac_sha1   utils_hmac.o
    0x08006f0c   0x08006f0c   0x000000e8   Code   RO         2906    i.utils_sha1_finish  utils_sha1.o
    0x08006ff4   0x08006ff4   0x0000000e   Code   RO         2908    i.utils_sha1_init   utils_sha1.o
    0x08007002   0x08007002   0x00000002   PAD
    0x08007004   0x08007004   0x0000191c   Code   RO         2909    i.utils_sha1_process  utils_sha1.o
    0x08008920   0x08008920   0x0000002c   Code   RO         2910    i.utils_sha1_starts  utils_sha1.o
    0x0800894c   0x0800894c   0x0000007c   Code   RO         2911    i.utils_sha1_update  utils_sha1.o
    0x080089c8   0x080089c8   0x0000002c   Code   RO         3371    locale$$code        c_w.l(lc_ctype_c.o)
    0x080089f4   0x080089f4   0x0000002c   Code   RO         3374    locale$$code        c_w.l(lc_numeric_c.o)
    0x08008a20   0x08008a20   0x00000062   Code   RO         3438    x$fpl$d2f           fz_ws.l(d2f.o)
    0x08008a82   0x08008a82   0x00000002   PAD
    0x08008a84   0x08008a84   0x00000150   Code   RO         3123    x$fpl$dadd          fz_ws.l(daddsub_clz.o)
    0x08008bd4   0x08008bd4   0x00000010   Code   RO         3507    x$fpl$dcheck1       fz_ws.l(dcheck1.o)
    0x08008be4   0x08008be4   0x00000018   Code   RO         3284    x$fpl$dcmpinf       fz_ws.l(dcmpi.o)
    0x08008bfc   0x08008bfc   0x00000078   Code   RO         3440    x$fpl$deqf          fz_ws.l(deqf.o)
    0x08008c74   0x08008c74   0x0000005e   Code   RO         3129    x$fpl$dfix          fz_ws.l(dfix.o)
    0x08008cd2   0x08008cd2   0x0000002e   Code   RO         3134    x$fpl$dflt          fz_ws.l(dflt_clz.o)
    0x08008d00   0x08008d00   0x00000026   Code   RO         3133    x$fpl$dfltu         fz_ws.l(dflt_clz.o)
    0x08008d26   0x08008d26   0x00000002   PAD
    0x08008d28   0x08008d28   0x00000078   Code   RO         3139    x$fpl$dleqf         fz_ws.l(dleqf.o)
    0x08008da0   0x08008da0   0x00000154   Code   RO         3141    x$fpl$dmul          fz_ws.l(dmul.o)
    0x08008ef4   0x08008ef4   0x0000009c   Code   RO         3286    x$fpl$dnaninf       fz_ws.l(dnaninf.o)
    0x08008f90   0x08008f90   0x0000000c   Code   RO         3288    x$fpl$dretinf       fz_ws.l(dretinf.o)
    0x08008f9c   0x08008f9c   0x0000006c   Code   RO         3143    x$fpl$drleqf        fz_ws.l(drleqf.o)
    0x08009008   0x08009008   0x000001d4   Code   RO         3125    x$fpl$dsub          fz_ws.l(daddsub_clz.o)
    0x080091dc   0x080091dc   0x0000000a   Code   RO         3480    x$fpl$fretinf       fz_ws.l(fretinf.o)
    0x080091e6   0x080091e6   0x00000006   Code   RO         3391    x$fpl$ieeestatus    fz_ws.l(istatus.o)
    0x080091ec   0x080091ec   0x00000004   Code   RO         3147    x$fpl$printf1       fz_ws.l(printf1.o)
    0x080091f0   0x080091f0   0x00000064   Code   RO         3547    x$fpl$retnan        fz_ws.l(retnan.o)
    0x08009254   0x08009254   0x0000005c   Code   RO         3482    x$fpl$scalbn        fz_ws.l(scalbn.o)
    0x080092b0   0x080092b0   0x00000004   Code   RO         3149    x$fpl$scanf1        fz_ws.l(scanf1.o)
    0x080092b4   0x080092b4   0x00000008   Code   RO         3393    x$fpl$scanf2        fz_ws.l(scanf2.o)
    0x080092bc   0x080092bc   0x00000030   Code   RO         3549    x$fpl$trapveneer    fz_ws.l(trapv.o)
    0x080092ec   0x080092ec   0x00000000   Code   RO         3292    x$fpl$usenofp       fz_ws.l(usenofp.o)
    0x080092ec   0x080092ec   0x00000040   Data   RO         2913    .constdata          utils_sha1.o
    0x0800932c   0x0800932c   0x00000028   Data   RO         3070    .constdata          c_w.l(_printf_hex_int_ll_ptr.o)
    0x08009354   0x08009354   0x00000011   Data   RO         3090    .constdata          c_w.l(__printf_flags_ss_wp.o)
    0x08009365   0x08009365   0x00000003   PAD
    0x08009368   0x08009368   0x00000008   Data   RO         3200    .constdata          c_w.l(_printf_wctomb.o)
    0x08009370   0x08009370   0x00000094   Data   RO         3344    .constdata          c_w.l(bigflt0.o)
    0x08009404   0x08009404   0x000000d0   Data   RO            8    .conststring        main.o
    0x080094d4   0x080094d4   0x00000020   Data   RO         3551    Region$$Table       anon$$obj.o
    0x080094f4   0x080094f4   0x00000008   Data   RO         3385    c$$dinf             fz_ws.l(fpconst.o)
    0x080094fc   0x080094fc   0x00000008   Data   RO         3388    c$$dmax             fz_ws.l(fpconst.o)
    0x08009504   0x08009504   0x00000110   Data   RO         3370    locale$$data        c_w.l(lc_ctype_c.o)
    0x08009614   0x08009614   0x0000001c   Data   RO         3373    locale$$data        c_w.l(lc_numeric_c.o)


    Execution Region ER_RW (Exec base: 0x20000000, Load base: 0x08009630, Size: 0x00000080, Max: 0xffffffff, ABSOLUTE)

    Exec Addr    Load Addr    Size         Type   Attr      Idx    E Section Name        Object

    0x20000000   0x08009630   0x00000003   Data   RW            9    .data               main.o
    0x20000003   0x08009633   0x00000001   PAD
    0x20000004   0x08009634   0x00000008   Data   RW          459    .data               usart2.o
    0x2000000c   0x0800963c   0x00000001   Data   RW          525    .data               wifi.o
    0x2000000d   0x0800963d   0x00000003   PAD
    0x20000010   0x08009640   0x00000044   Data   RW          590    .data               mqtt.o
    0x20000054   0x08009684   0x00000014   Data   RW          915    .data               cjson.o
    0x20000068   0x08009698   0x00000002   Data   RW         1486    .data               iot.o
    0x2000006a   0x0800969a   0x00000014   Data   RW         1732    .data               stm32f10x_rcc.o


    Execution Region ER_ZI (Exec base: 0x20000080, Load base: 0x080096b0, Size: 0x00002ba8, Max: 0xffffffff, ABSOLUTE)

    Exec Addr    Load Addr    Size         Type   Attr      Idx    E Section Name        Object

    0x20000080        -       0x00000100   Zero   RW          321    .bss                usart1.o
    0x20000180        -       0x00000800   Zero   RW          458    .bss                usart2.o
    0x20000980        -       0x00001844   Zero   RW          589    .bss                mqtt.o
    0x200021c4        -       0x00000060   Zero   RW         3296    .bss                c_w.l(libspace.o)
    0x20002224   0x080096b0   0x00000004   PAD
    0x20002228        -       0x00000400   Zero   RW         1658    HEAP                startup_stm32f10x_hd.o
    0x20002628        -       0x00000600   Zero   RW         1657    STACK               startup_stm32f10x_hd.o


==============================================================================

Image component sizes


      Code (inc. data)   RO Data    RW Data    ZI Data      Debug   Object Name

        60          8          0          0          0        448   beep.o
      5134        180          0         20          0      33573   cjson.o
         0          0          0          0          0         32   core_cm3.o
       260          6          0          0          0     249516   delay.o
       136         18          0          2          0       2149   iot.o
      1736        730        208          3          0     243668   main.o
       172         22          0          0          0       2073   misc.o
      2066        502          0         68       6212       8319   mqtt.o
       162          8          0          0          0       1234   pwm.o
        64         26        304          0       2560        800   startup_stm32f10x_hd.o
        52         12          0          0          0       1124   stm32f10x_exti.o
       332          0          0          0          0       4813   stm32f10x_gpio.o
       402         70          0          0          0       5709   stm32f10x_it.o
       340         44          0         20          0       5560   stm32f10x_rcc.o
       916        116          0          0          0       6121   stm32f10x_tim.o
       572         28          0          0          0       5571   stm32f10x_usart.o
       328         28          0          0          0       1929   system_stm32f10x.o
       120          4          0          0          0        700   timer1.o
       240         10          0          0          0       1187   timer3.o
         2          0          0          0          0        446   timer4.o
       220         18          0          0        256       2514   usart1.o
       340         22          0          8       2048       2792   usart2.o
       232          0          0          0          0       2782   utils_hmac.o
        24          0          0          0          0        531   utils_md5.o
      6842         40         64          0          0       5867   utils_sha1.o
      2336       1234          0          1          0       5538   wifi.o

    ----------------------------------------------------------------------
     23122       3126        608        128      11076     594996   Object Totals
         0          0         32          0          0          0   (incl. Generated)
        34          0          0          6          0          0   (incl. Padding)

    ----------------------------------------------------------------------

      Code (inc. data)   RO Data    RW Data    ZI Data      Debug   Library Member Name

        60          8          0          0          0         84   __0sscanf.o
        44          6          0          0          0         84   __2sprintf.o
         8          0          0          0          0         68   __main.o
       392          4         17          0          0         92   __printf_flags_ss_wp.o
        14          0          0          0          0         68   __printf_wp.o
         0          0          0          0          0          0   __rtentry.o
        12          0          0          0          0          0   __rtentry2.o
         6          0          0          0          0          0   __rtentry4.o
        52          8          0          0          0          0   __scatter.o
        26          0          0          0          0          0   __scatter_copy.o
        28          0          0          0          0          0   __scatter_zi.o
        28          0          0          0          0         68   _chval.o
         6          0          0          0          0          0   _printf_a.o
         6          0          0          0          0          0   _printf_c.o
        44          0          0          0          0        108   _printf_char.o
        48          6          0          0          0         96   _printf_char_common.o
        40          0          0          0          0         68   _printf_charcount.o
         6          0          0          0          0          0   _printf_d.o
       120         16          0          0          0         92   _printf_dec.o
         6          0          0          0          0          0   _printf_e.o
         6          0          0          0          0          0   _printf_f.o
      1054          0          0          0          0        216   _printf_fp_dec.o
       128         16          0          0          0         84   _printf_fp_infnan.o
         6          0          0          0          0          0   _printf_g.o
       148          4         40          0          0        160   _printf_hex_int_ll_ptr.o
         6          0          0          0          0          0   _printf_i.o
       178          0          0          0          0         88   _printf_intcommon.o
        10          0          0          0          0          0   _printf_l.o
         6          0          0          0          0          0   _printf_lc.o
        10          0          0          0          0          0   _printf_ll.o
         6          0          0          0          0          0   _printf_lld.o
         6          0          0          0          0          0   _printf_lli.o
         6          0          0          0          0          0   _printf_llo.o
         6          0          0          0          0          0   _printf_llu.o
         6          0          0          0          0          0   _printf_llx.o
       124         16          0          0          0         92   _printf_longlong_dec.o
         6          0          0          0          0          0   _printf_ls.o
         6          0          0          0          0          0   _printf_n.o
         6          0          0          0          0          0   _printf_o.o
       112         10          0          0          0        124   _printf_oct_int_ll.o
         6          0          0          0          0          0   _printf_p.o
        78          0          0          0          0        108   _printf_pad.o
         0          0          0          0          0          0   _printf_percent.o
         4          0          0          0          0          0   _printf_percent_end.o
         6          0          0          0          0          0   _printf_s.o
        82          0          0          0          0         80   _printf_str.o
        36          0          0          0          0         84   _printf_truncate.o
         6          0          0          0          0          0   _printf_u.o
        44          0          0          0          0        108   _printf_wchar.o
       188          6          8          0          0         92   _printf_wctomb.o
         6          0          0          0          0          0   _printf_x.o
        22          0          0          0          0        100   _rserrno.o
       884          4          0          0          0        100   _scanf.o
        64          0          0          0          0         84   _sgetc.o
        10          0          0          0          0         68   _sputc.o
        64          0          0          0          0         92   _wcrtomb.o
        16          0          0          0          0         68   aeabi_memset.o
       228          4        148          0          0         96   bigflt0.o
      2152        136          0          0          0        960   btod.o
        36          4          0          0          0         76   c89vsprintf.o
        10          0          0          0          0         68   defsig_exit.o
        50          0          0          0          0         88   defsig_general.o
        80         58          0          0          0         76   defsig_rtmem_inner.o
        14          0          0          0          0         80   defsig_rtmem_outer.o
        18          0          0          0          0         80   exit.o
        94          0          0          0          0         80   h1_alloc.o
        52          0          0          0          0         68   h1_extend.o
        78          0          0          0          0         80   h1_free.o
        14          0          0          0          0         84   h1_init.o
       184          0          0          0          0         92   h1_realloc.o
         6          0          0          0          0        152   heapauxi.o
         4          0          0          0          0        136   hguard.o
         0          0          0          0          0          0   indicate_semi.o
       138          0          0          0          0        168   init_alloc.o
        18          0          0          0          0         76   isspace.o
        44         10        272          0          0         76   lc_ctype_c.o
        44         10         28          0          0         76   lc_numeric_c.o
         2          0          0          0          0          0   libinit.o
        38          0          0          0          0          0   libinit2.o
         2          0          0          0          0          0   libshutdown.o
         2          0          0          0          0          0   libshutdown2.o
         8          4          0          0         96         68   libspace.o
        38          0          0          0          0         68   llshl.o
       138          0          0          0          0         80   lludiv10.o
         0          0          0          0          0          0   maybetermalloc1.o
        16          4          0          0          0         76   rt_ctype_table.o
         8          4          0          0          0         68   rt_errno_addr_intlibspace.o
         8          4          0          0          0         68   rt_heap_descriptor_intlibspace.o
         8          4          0          0          0         68   rt_locale_intlibspace.o
        68          0          0          0          0         68   rt_memclr.o
        78          0          0          0          0         80   rt_memclr_w.o
       138          0          0          0          0         68   rt_memcpy_v6.o
       100          0          0          0          0         80   rt_memcpy_w.o
         2          0          0          0          0          0   rtexit.o
        10          0          0          0          0          0   rtexit2.o
        44          8          0          0          0         84   scanf_char.o
      1272         16          0          0          0        168   scanf_fp.o
       800         14          0          0          0        100   scanf_hexfp.o
       308         16          0          0          0        100   scanf_infnan.o
       128          0          0          0          0         68   strcmpv7m.o
        72          0          0          0          0         80   strcpy.o
        62          0          0          0          0         76   strlen.o
       150          0          0          0          0         80   strncmp.o
        36          0          0          0          0         80   strstr.o
       164         14          0          0          0        120   strtod.o
        12          4          0          0          0         68   sys_exit.o
        74          0          0          0          0         80   sys_stackheap_outer.o
        14          0          0          0          0         76   sys_wrch.o
        26          0          0          0          0         76   tolower.o
         2          0          0          0          0         68   use_no_semi.o
        98          4          0          0          0         92   d2f.o
       804         16          0          0          0        272   daddsub_clz.o
        16          4          0          0          0         68   dcheck1.o
        24          0          0          0          0         68   dcmpi.o
       120          4          0          0          0         92   deqf.o
        94          4          0          0          0         92   dfix.o
        84          0          0          0          0        136   dflt_clz.o
       120          4          0          0          0         92   dleqf.o
       340         12          0          0          0        104   dmul.o
       156          4          0          0          0         92   dnaninf.o
        12          0          0          0          0         68   dretinf.o
       108          0          0          0          0         80   drleqf.o
         0          0         16          0          0          0   fpconst.o
        10          0          0          0          0         68   fretinf.o
         6          0          0          0          0         68   istatus.o
         4          0          0          0          0         68   printf1.o
       100          0          0          0          0         68   retnan.o
        92          0          0          0          0         68   scalbn.o
         4          0          0          0          0         68   scanf1.o
         8          0          0          0          0         84   scanf2.o
        48          0          0          0          0         68   trapv.o
         0          0          0          0          0          0   usenofp.o
        30          6          0          0          0        136   dunder.o
        40          0          0          0          0         68   fpclassify.o
        88          8          0          0          0         76   frexp.o
       138          0          0          0          0        160   ldexp.o
       204          4          0          0          0        168   narrow.o
        28          0          0          0          0         80   strtod.o

    ----------------------------------------------------------------------
     14186        490        532          0        100       9808   Library Totals
        20          2          3          0          4          0   (incl. Padding)

    ----------------------------------------------------------------------

      Code (inc. data)   RO Data    RW Data    ZI Data      Debug   Library Name

     11390        418        513          0         96       7304   c_w.l
      2248         52         16          0          0       1816   fz_ws.l
       528         18          0          0          0        688   m_ws.l

    ----------------------------------------------------------------------
     14186        490        532          0        100       9808   Library Totals

    ----------------------------------------------------------------------

==============================================================================


      Code (inc. data)   RO Data    RW Data    ZI Data      Debug   

     37308       3616       1140        128      11176     592476   Grand Totals
     37308       3616       1140        128      11176     592476   ELF Image Totals
     37308       3616       1140        128          0          0   ROM Totals

==============================================================================

    Total RO  Size (Code + RO Data)                38448 (  37.55kB)
    Total RW  Size (RW Data + ZI Data)             11304 (  11.04kB)
    Total ROM Size (Code + RO Data + RW Data)      38576 (  37.67kB)

==============================================================================

